Archive member included to satisfy reference by file (symbol)

D:/toolchain/mcu/arm-gnu-toolchain-13.3.rel1-mingw-w64-i686-arm-none-eabi/bin/../lib/gcc/arm-none-eabi/13.3.1/thumb/v7e-m+fp/hard\libc_nano.a(libc_a-exit.o)
                              D:/toolchain/mcu/arm-gnu-toolchain-13.3.rel1-mingw-w64-i686-arm-none-eabi/bin/../lib/gcc/arm-none-eabi/13.3.1/thumb/v7e-m+fp/hard/crt0.o (exit)
D:/toolchain/mcu/arm-gnu-toolchain-13.3.rel1-mingw-w64-i686-arm-none-eabi/bin/../lib/gcc/arm-none-eabi/13.3.1/thumb/v7e-m+fp/hard\libc_nano.a(libc_a-findfp.o)
                              D:/toolchain/mcu/arm-gnu-toolchain-13.3.rel1-mingw-w64-i686-arm-none-eabi/bin/../lib/gcc/arm-none-eabi/13.3.1/thumb/v7e-m+fp/hard\libc_nano.a(libc_a-exit.o) (__stdio_exit_handler)
D:/toolchain/mcu/arm-gnu-toolchain-13.3.rel1-mingw-w64-i686-arm-none-eabi/bin/../lib/gcc/arm-none-eabi/13.3.1/thumb/v7e-m+fp/hard\libc_nano.a(libc_a-fwalk.o)
                              D:/toolchain/mcu/arm-gnu-toolchain-13.3.rel1-mingw-w64-i686-arm-none-eabi/bin/../lib/gcc/arm-none-eabi/13.3.1/thumb/v7e-m+fp/hard\libc_nano.a(libc_a-findfp.o) (_fwalk_sglue)
D:/toolchain/mcu/arm-gnu-toolchain-13.3.rel1-mingw-w64-i686-arm-none-eabi/bin/../lib/gcc/arm-none-eabi/13.3.1/thumb/v7e-m+fp/hard\libc_nano.a(libc_a-snprintf.o)
                              build/main.o (snprintf)
D:/toolchain/mcu/arm-gnu-toolchain-13.3.rel1-mingw-w64-i686-arm-none-eabi/bin/../lib/gcc/arm-none-eabi/13.3.1/thumb/v7e-m+fp/hard\libc_nano.a(libc_a-stdio.o)
                              D:/toolchain/mcu/arm-gnu-toolchain-13.3.rel1-mingw-w64-i686-arm-none-eabi/bin/../lib/gcc/arm-none-eabi/13.3.1/thumb/v7e-m+fp/hard\libc_nano.a(libc_a-findfp.o) (__sread)
D:/toolchain/mcu/arm-gnu-toolchain-13.3.rel1-mingw-w64-i686-arm-none-eabi/bin/../lib/gcc/arm-none-eabi/13.3.1/thumb/v7e-m+fp/hard\libc_nano.a(libc_a-memset.o)
                              D:/toolchain/mcu/arm-gnu-toolchain-13.3.rel1-mingw-w64-i686-arm-none-eabi/bin/../lib/gcc/arm-none-eabi/13.3.1/thumb/v7e-m+fp/hard/crt0.o (memset)
D:/toolchain/mcu/arm-gnu-toolchain-13.3.rel1-mingw-w64-i686-arm-none-eabi/bin/../lib/gcc/arm-none-eabi/13.3.1/thumb/v7e-m+fp/hard\libc_nano.a(libc_a-closer.o)
                              D:/toolchain/mcu/arm-gnu-toolchain-13.3.rel1-mingw-w64-i686-arm-none-eabi/bin/../lib/gcc/arm-none-eabi/13.3.1/thumb/v7e-m+fp/hard\libc_nano.a(libc_a-stdio.o) (_close_r)
D:/toolchain/mcu/arm-gnu-toolchain-13.3.rel1-mingw-w64-i686-arm-none-eabi/bin/../lib/gcc/arm-none-eabi/13.3.1/thumb/v7e-m+fp/hard\libc_nano.a(libc_a-reent.o)
                              D:/toolchain/mcu/arm-gnu-toolchain-13.3.rel1-mingw-w64-i686-arm-none-eabi/bin/../lib/gcc/arm-none-eabi/13.3.1/thumb/v7e-m+fp/hard\libc_nano.a(libc_a-closer.o) (errno)
D:/toolchain/mcu/arm-gnu-toolchain-13.3.rel1-mingw-w64-i686-arm-none-eabi/bin/../lib/gcc/arm-none-eabi/13.3.1/thumb/v7e-m+fp/hard\libc_nano.a(libc_a-impure.o)
                              D:/toolchain/mcu/arm-gnu-toolchain-13.3.rel1-mingw-w64-i686-arm-none-eabi/bin/../lib/gcc/arm-none-eabi/13.3.1/thumb/v7e-m+fp/hard\libc_nano.a(libc_a-snprintf.o) (_impure_ptr)
D:/toolchain/mcu/arm-gnu-toolchain-13.3.rel1-mingw-w64-i686-arm-none-eabi/bin/../lib/gcc/arm-none-eabi/13.3.1/thumb/v7e-m+fp/hard\libc_nano.a(libc_a-lseekr.o)
                              D:/toolchain/mcu/arm-gnu-toolchain-13.3.rel1-mingw-w64-i686-arm-none-eabi/bin/../lib/gcc/arm-none-eabi/13.3.1/thumb/v7e-m+fp/hard\libc_nano.a(libc_a-stdio.o) (_lseek_r)
D:/toolchain/mcu/arm-gnu-toolchain-13.3.rel1-mingw-w64-i686-arm-none-eabi/bin/../lib/gcc/arm-none-eabi/13.3.1/thumb/v7e-m+fp/hard\libc_nano.a(libc_a-readr.o)
                              D:/toolchain/mcu/arm-gnu-toolchain-13.3.rel1-mingw-w64-i686-arm-none-eabi/bin/../lib/gcc/arm-none-eabi/13.3.1/thumb/v7e-m+fp/hard\libc_nano.a(libc_a-stdio.o) (_read_r)
D:/toolchain/mcu/arm-gnu-toolchain-13.3.rel1-mingw-w64-i686-arm-none-eabi/bin/../lib/gcc/arm-none-eabi/13.3.1/thumb/v7e-m+fp/hard\libc_nano.a(libc_a-writer.o)
                              D:/toolchain/mcu/arm-gnu-toolchain-13.3.rel1-mingw-w64-i686-arm-none-eabi/bin/../lib/gcc/arm-none-eabi/13.3.1/thumb/v7e-m+fp/hard\libc_nano.a(libc_a-stdio.o) (_write_r)
D:/toolchain/mcu/arm-gnu-toolchain-13.3.rel1-mingw-w64-i686-arm-none-eabi/bin/../lib/gcc/arm-none-eabi/13.3.1/thumb/v7e-m+fp/hard\libc_nano.a(libc_a-errno.o)
                              build/sysmem.o (__errno)
D:/toolchain/mcu/arm-gnu-toolchain-13.3.rel1-mingw-w64-i686-arm-none-eabi/bin/../lib/gcc/arm-none-eabi/13.3.1/thumb/v7e-m+fp/hard\libc_nano.a(libc_a-init.o)
                              D:/toolchain/mcu/arm-gnu-toolchain-13.3.rel1-mingw-w64-i686-arm-none-eabi/bin/../lib/gcc/arm-none-eabi/13.3.1/thumb/v7e-m+fp/hard/crt0.o (__libc_init_array)
D:/toolchain/mcu/arm-gnu-toolchain-13.3.rel1-mingw-w64-i686-arm-none-eabi/bin/../lib/gcc/arm-none-eabi/13.3.1/thumb/v7e-m+fp/hard\libc_nano.a(libc_a-lock.o)
[...]
Memory Configuration

Name             Origin             Length             Attributes
RAM              0x20000000         0x00020000         xrw
CCMRAM           0x10000000         0x00010000         xrw
FLASH            0x08000000         0x00100000         xr
*default*        0x00000000         0xffffffff

Linker script and memory map

LOAD D:/toolchain/mcu/arm-gnu-toolchain-13.3.rel1-mingw-w64-i686-arm-none-eabi/bin/../lib/gcc/arm-none-eabi/13.3.1/thumb/v7e-m+fp/hard/crti.o
LOAD D:/toolchain/mcu/arm-gnu-toolchain-13.3.rel1-mingw-w64-i686-arm-none-eabi/bin/../lib/gcc/arm-none-eabi/13.3.1/thumb/v7e-m+fp/hard/crtbegin.o
LOAD D:/toolchain/mcu/arm-gnu-toolchain-13.3.rel1-mingw-w64-i686-arm-none-eabi/bin/../lib/gcc/arm-none-eabi/13.3.1/thumb/v7e-m+fp/hard/crt0.o
LOAD build/ch390.o
LOAD build/main.o
LOAD build/gpio.o
LOAD build/spi.o
LOAD build/usart.o
LOAD build/stm32f4xx_it.o
LOAD build/stm32f4xx_hal_msp.o
LOAD build/stm32f4xx_hal_spi.o
LOAD build/stm32f4xx_hal_rcc.o
LOAD build/stm32f4xx_hal_rcc_ex.o
LOAD build/stm32f4xx_hal_flash.o
LOAD build/stm32f4xx_hal_flash_ex.o
LOAD build/stm32f4xx_hal_flash_ramfunc.o
LOAD build/stm32f4xx_hal_gpio.o
LOAD build/stm32f4xx_hal_dma_ex.o
LOAD build/stm32f4xx_hal_dma.o
LOAD build/stm32f4xx_hal_pwr.o
LOAD build/stm32f4xx_hal_pwr_ex.o
LOAD build/stm32f4xx_hal_cortex.o
LOAD build/stm32f4xx_hal.o
LOAD build/stm32f4xx_hal_exti.o
LOAD build/stm32f4xx_hal_uart.o
LOAD build/system_stm32f4xx.o
LOAD build/sysmem.o
LOAD build/syscalls.o
LOAD build/startup_stm32f407xx.o
LOAD D:/toolchain/mcu/arm-gnu-toolchain-13.3.rel1-mingw-w64-i686-arm-none-eabi/bin/../lib/gcc/arm-none-eabi/13.3.1/thumb/v7e-m+fp/hard\libc_nano.a
LOAD D:/toolchain/mcu/arm-gnu-toolchain-13.3.rel1-mingw-w64-i686-arm-none-eabi/bin/../lib/gcc/arm-none-eabi/13.3.1/thumb/v7e-m+fp/hard\libm.a
LOAD D:/toolchain/mcu/arm-gnu-toolchain-13.3.rel1-mingw-w64-i686-arm-none-eabi/bin/../lib/gcc/arm-none-eabi/13.3.1/thumb/v7e-m+fp/hard\libnosys.a
START GROUP
LOAD D:/toolchain/mcu/arm-gnu-toolchain-13.3.rel1-mingw-w64-i686-arm-none-eabi/bin/../lib/gcc/arm-none-eabi/13.3.1/thumb/v7e-m+fp/hard\libgcc.a
LOAD D:/toolchain/mcu/arm-gnu-toolchain-13.3.rel1-mingw-w64-i686-arm-none-eabi/bin/../lib/gcc/arm-none-eabi/13.3.1/thumb/v7e-m+fp/hard\libc_nano.a
END GROUP
START GROUP
LOAD D:/toolchain/mcu/arm-gnu-toolchain-13.3.rel1-mingw-w64-i686-arm-none-eabi/bin/../lib/gcc/arm-none-eabi/13.3.1/thumb/v7e-m+fp/hard\libgcc.a
LOAD D:/toolchain/mcu/arm-gnu-toolchain-13.3.rel1-mingw-w64-i686-arm-none-eabi/bin/../lib/gcc/arm-none-eabi/13.3.1/thumb/v7e-m+fp/hard\libc_nano.a
END GROUP
LOAD D:/toolchain/mcu/arm-gnu-toolchain-13.3.rel1-mingw-w64-i686-arm-none-eabi/bin/../lib/gcc/arm-none-eabi/13.3.1/thumb/v7e-m+fp/hard/crtend.o
LOAD D:/toolchain/mcu/arm-gnu-toolchain-13.3.rel1-mingw-w64-i686-arm-none-eabi/bin/../lib/gcc/arm-none-eabi/13.3.1/thumb/v7e-m+fp/hard/crtn.o
                0x20020000                        _estack = (ORIGIN (RAM) + LENGTH (RAM))
                0x00000200                        _Min_Heap_Size = 0x200
                0x00000400                        _Min_Stack_Size = 0x400

.isr_vector     0x08000000      0x188
                0x08000000                        . = ALIGN (0x4)
 *(.isr_vector)
 .isr_vector    0x08000000      0x188 build/startup_stm32f407xx.o
                0x08000000                g_pfnVectors
                0x08000188                        . = ALIGN (0x4)

.text           0x08000190     0x2c18
                0x08000190                        . = ALIGN (0x4)
 *(.text)
 .text          0x08000190       0x10 D:/toolchain/mcu/arm-gnu-toolchain-13.3.rel1-mingw-w64-i686-arm-none-eabi/bin/../lib/gcc/arm-none-eabi/13.3.1/thumb/v7e-m+fp/hard\libc_nano.a(libc_a-strlen.o)
                0x08000190                strlen
 .text          0x080001a0       0xa0 D:/toolchain/mcu/arm-gnu-toolchain-13.3.rel1-mingw-w64-i686-arm-none-eabi/bin/../lib/gcc/arm-none-eabi/13.3.1/thumb/v7e-m+fp/hard\libc_nano.a(libc_a-memchr.o)
                0x080001a0                memchr
 .text          0x08000240       0x30 D:/toolchain/mcu/arm-gnu-toolchain-13.3.rel1-mingw-w64-i686-arm-none-eabi/bin/../lib/gcc/arm-none-eabi/13.3.1/thumb/v7e-m+fp/hard\libgcc.a(_aeabi_uldivmod.o)
                0x08000240                __aeabi_uldivmod
 .text          0x08000270        0x4 D:/toolchain/mcu/arm-gnu-toolchain-13.3.rel1-mingw-w64-i686-arm-none-eabi/bin/../lib/gcc/arm-none-eabi/13.3.1/thumb/v7e-m+fp/hard\libgcc.a(_dvmd_tls.o)
                0x08000270                __aeabi_idiv0
                0x08000270                __aeabi_ldiv0
 *(.text*)
 .text.deregister_tm_clones
                0x08000274       0x1c D:/toolchain/mcu/arm-gnu-toolchain-13.3.rel1-mingw-w64-i686-arm-none-eabi/bin/../lib/gcc/arm-none-eabi/13.3.1/thumb/v7e-m+fp/hard/crtbegin.o
 .text.register_tm_clones
                0x08000290       0x24 D:/toolchain/mcu/arm-gnu-toolchain-13.3.rel1-mingw-w64-i686-arm-none-eabi/bin/../lib/gcc/arm-none-eabi/13.3.1/thumb/v7e-m+fp/hard/crtbegin.o
 .text.__do_global_dtors_aux
                0x080002b4       0x28 D:/toolchain/mcu/arm-gnu-toolchain-13.3.rel1-mingw-w64-i686-arm-none-eabi/bin/../lib/gcc/arm-none-eabi/13.3.1/thumb/v7e-m+fp/hard/crtbegin.o
 .text.frame_dummy
                0x080002dc       0x24 D:/toolchain/mcu/arm-gnu-toolchain-13.3.rel1-mingw-w64-i686-arm-none-eabi/bin/../lib/gcc/arm-none-eabi/13.3.1/thumb/v7e-m+fp/hard/crtbegin.o
 .text.ch390_spi_exchange_byte
                0x08000300       0x30 build/ch390.o
 .text.ch390_write_reg
                0x08000330       0x44 build/ch390.o
                0x08000330                ch390_write_reg
 .text.ch390_delay_us
                0x08000374       0x2c build/ch390.o
                0x08000374                ch390_delay_us
 .text.ch390_software_reset
                0x080003a0       0x28 build/ch390.o
                0x080003a0                ch390_software_reset
 .text.ch390_read_reg
                0x080003c8       0x34 build/ch390.o
                0x080003c8                ch390_read_reg
 .text.ch390_get_link_status
                0x080003fc        0xe build/ch390.o
                0x080003fc                ch390_get_link_status
 .text.ch390_get_int_status
                0x0800040a       0x16 build/ch390.o
                0x0800040a                ch390_get_int_status
 .text.ch390_get_vendor_id
                0x08000420       0x18 build/ch390.o
                0x08000420                ch390_get_vendor_id
 .text.ch390_get_product_id
                0x08000438       0x18 build/ch390.o
                0x08000438                ch390_get_product_id
 .text.ch390_get_mac
                0x08000450       0x24 build/ch390.o
                0x08000450                ch390_get_mac
 .text.ch390_write_phy
                0x08000474       0x3c build/ch390.o
                0x08000474                ch390_write_phy
 .text.ch390_set_phy_mode
                0x080004b0       0x44 build/ch390.o
                0x080004b0                ch390_set_phy_mode
 .text.ch390_set_multicast
                0x080004f4       0x24 build/ch390.o
                0x080004f4                ch390_set_multicast
 .text.ch390_default_config
                0x08000518       0x54 build/ch390.o
                0x08000518                ch390_default_config
 .text.ch390_write_mem
                0x0800056c       0x3c build/ch390.o
                0x0800056c                ch390_write_mem
 .text.ch390_send_request
                0x080005a8       0x16 build/ch390.o
                0x080005a8                ch390_send_request
 .text.ch390_send_packet
                0x080005be       0x2a build/ch390.o
                0x080005be                ch390_send_packet
 .text.ch390_get_int_pin
                0x080005e8       0x10 build/ch390.o
                0x080005e8                ch390_get_int_pin
 .text.ch390_read_mem
                0x080005f8       0x3c build/ch390.o
                0x080005f8                ch390_read_mem
 .text.ch390_receive_packet
                0x08000634       0xa4 build/ch390.o
                0x08000634                ch390_receive_packet
 .text.dwt_delay_init
                0x080006d8       0x28 build/main.o
                0x080006d8                dwt_delay_init
 .text.ch390_print_info
                0x08000700       0xcc build/main.o
                0x08000700                ch390_print_info
 .text.init_packet_data
                0x080007cc       0x18 build/main.o
                0x080007cc                init_packet_data
 .text.print_packet
                0x080007e4       0xb8 build/main.o
                0x080007e4                print_packet
 .text.ch390_int_handler
                0x0800089c      0x110 build/main.o
                0x0800089c                ch390_int_handler
 .text.Error_Handler
                0x080009ac        0x4 build/main.o
                0x080009ac                Error_Handler
 .text.SystemClock_Config
                0x080009b0       0xa8 build/main.o
                0x080009b0                SystemClock_Config
 .text.main     0x08000a58       0x58 build/main.o
                0x08000a58                main
 .text.MX_GPIO_Init
                0x08000ab0       0xcc build/gpio.o
                0x08000ab0                MX_GPIO_Init
 .text.MX_SPI2_Init
                0x08000b7c       0x44 build/spi.o
                0x08000b7c                MX_SPI2_Init
 .text.HAL_SPI_MspInit
                0x08000bc0       0x9c build/spi.o
                0x08000bc0                HAL_SPI_MspInit
 .text.MX_USART1_UART_Init
                0x08000c5c       0x34 build/usart.o
                0x08000c5c                MX_USART1_UART_Init
 .text.HAL_UART_MspInit
                0x08000c90       0x74 build/usart.o
                0x08000c90                HAL_UART_MspInit
 .text.NMI_Handler
                0x08000d04        0x2 build/stm32f4xx_it.o
                0x08000d04                NMI_Handler
 .text.HardFault_Handler
                0x08000d06        0x2 build/stm32f4xx_it.o
                0x08000d06                HardFault_Handler
 .text.MemManage_Handler
                0x08000d08        0x2 build/stm32f4xx_it.o
                0x08000d08                MemManage_Handler
 .text.BusFault_Handler
                0x08000d0a        0x2 build/stm32f4xx_it.o
                0x08000d0a                BusFault_Handler
 .text.UsageFault_Handler
                0x08000d0c        0x2 build/stm32f4xx_it.o
                0x08000d0c                UsageFault_Handler
 .text.SVC_Handler
                0x08000d0e        0x2 build/stm32f4xx_it.o
                0x08000d0e                SVC_Handler
 .text.DebugMon_Handler
                0x08000d10        0x2 build/stm32f4xx_it.o
                0x08000d10                DebugMon_Handler
 .text.PendSV_Handler
                0x08000d12        0x2 build/stm32f4xx_it.o
                0x08000d12                PendSV_Handler
 .text.SysTick_Handler
                0x08000d14        0x8 build/stm32f4xx_it.o
                0x08000d14                SysTick_Handler
 .text.HAL_MspInit
                0x08000d1c       0x38 build/stm32f4xx_hal_msp.o
                0x08000d1c                HAL_MspInit
 .text.SPI_WaitFlagStateUntilTimeout
                0x08000d54       0xc8 build/stm32f4xx_hal_spi.o
 .text.SPI_EndRxTxTransaction
                0x08000e1c       0x80 build/stm32f4xx_hal_spi.o
 .text.HAL_SPI_Init
                0x08000e9c       0xbe build/stm32f4xx_hal_spi.o
                0x08000e9c                HAL_SPI_Init
 .text.HAL_SPI_Transmit
                0x08000f5a      0x1c4 build/stm32f4xx_hal_spi.o
                0x08000f5a                HAL_SPI_Transmit
 .text.HAL_SPI_TransmitReceive
                0x0800111e      0x254 build/stm32f4xx_hal_spi.o
                0x0800111e                HAL_SPI_TransmitReceive
 *fill*         0x08001372        0x2 
 .text.HAL_RCC_OscConfig
                0x08001374      0x3f8 build/stm32f4xx_hal_rcc.o
                0x08001374                HAL_RCC_OscConfig
 .text.HAL_RCC_GetSysClockFreq
                0x0800176c       0xdc build/stm32f4xx_hal_rcc.o
                0x0800176c                HAL_RCC_GetSysClockFreq
 .text.HAL_RCC_ClockConfig
                0x08001848      0x160 build/stm32f4xx_hal_rcc.o
                0x08001848                HAL_RCC_ClockConfig
 .text.HAL_RCC_GetHCLKFreq
                0x080019a8        0xc build/stm32f4xx_hal_rcc.o
                0x080019a8                HAL_RCC_GetHCLKFreq
 .text.HAL_RCC_GetPCLK1Freq
                0x080019b4       0x20 build/stm32f4xx_hal_rcc.o
                0x080019b4                HAL_RCC_GetPCLK1Freq
 .text.HAL_RCC_GetPCLK2Freq
                0x080019d4       0x20 build/stm32f4xx_hal_rcc.o
                0x080019d4                HAL_RCC_GetPCLK2Freq
 .text.HAL_GPIO_Init
                0x080019f4      0x1ec build/stm32f4xx_hal_gpio.o
                0x080019f4                HAL_GPIO_Init
 .text.HAL_GPIO_ReadPin
                0x08001be0        0xe build/stm32f4xx_hal_gpio.o
                0x08001be0                HAL_GPIO_ReadPin
 .text.HAL_GPIO_WritePin
                0x08001bee        0xc build/stm32f4xx_hal_gpio.o
                0x08001bee                HAL_GPIO_WritePin
 *fill*         0x08001bfa        0x2 
 .text.__NVIC_SetPriority
                0x08001bfc       0x28 build/stm32f4xx_hal_cortex.o
 .text.NVIC_EncodePriority
                0x08001c24       0x3e build/stm32f4xx_hal_cortex.o
 *fill*         0x08001c62        0x2 
 .text.HAL_NVIC_SetPriorityGrouping
                0x08001c64       0x24 build/stm32f4xx_hal_cortex.o
                0x08001c64                HAL_NVIC_SetPriorityGrouping
 .text.HAL_NVIC_SetPriority
                0x08001c88       0x20 build/stm32f4xx_hal_cortex.o
                0x08001c88                HAL_NVIC_SetPriority
 .text.HAL_SYSTICK_Config
                0x08001ca8       0x28 build/stm32f4xx_hal_cortex.o
                0x08001ca8                HAL_SYSTICK_Config
 .text.HAL_InitTick
                0x08001cd0       0x4c build/stm32f4xx_hal.o
                0x08001cd0                HAL_InitTick
 .text.HAL_Init
                0x08001d1c       0x34 build/stm32f4xx_hal.o
                0x08001d1c                HAL_Init
 .text.HAL_IncTick
                0x08001d50       0x18 build/stm32f4xx_hal.o
                0x08001d50                HAL_IncTick
 .text.HAL_GetTick
                0x08001d68        0xc build/stm32f4xx_hal.o
                0x08001d68                HAL_GetTick
 .text.HAL_Delay
                0x08001d74       0x28 build/stm32f4xx_hal.o
                0x08001d74                HAL_Delay
 .text.UART_EndRxTransfer
                0x08001d9c       0x5c build/stm32f4xx_hal_uart.o
 .text.UART_SetConfig
                0x08001df8      0x110 build/stm32f4xx_hal_uart.o
 .text.UART_WaitOnFlagUntilTimeout
                0x08001f08       0x86 build/stm32f4xx_hal_uart.o
 .text.HAL_UART_Init
                0x08001f8e       0x60 build/stm32f4xx_hal_uart.o
                0x08001f8e                HAL_UART_Init
 .text.HAL_UART_Transmit
                0x08001fee       0xcc build/stm32f4xx_hal_uart.o
                0x08001fee                HAL_UART_Transmit
 *fill*         0x080020ba        0x2 
 .text.SystemInit
                0x080020bc       0x14 build/system_stm32f4xx.o
                0x080020bc                SystemInit
 .text._sbrk    0x080020d0       0x48 build/sysmem.o
                0x080020d0                _sbrk
 .text.Reset_Handler
                0x08002118       0x50 build/startup_stm32f407xx.o
                0x08002118                Reset_Handler
 .text.Default_Handler
                0x08002168        0x2 build/startup_stm32f407xx.o
                0x08002168                RTC_Alarm_IRQHandler
                0x08002168                HASH_RNG_IRQHandler
                0x08002168                EXTI2_IRQHandler
                0x08002168                TIM8_CC_IRQHandler
                0x08002168                TIM1_CC_IRQHandler
                0x08002168                DMA2_Stream5_IRQHandler
                0x08002168                DMA1_Stream5_IRQHandler
                0x08002168                PVD_IRQHandler
                0x08002168                SDIO_IRQHandler
                0x08002168                TAMP_STAMP_IRQHandler
                0x08002168                CAN2_RX1_IRQHandler
                0x08002168                EXTI3_IRQHandler
                0x08002168                TIM8_TRG_COM_TIM14_IRQHandler
                0x08002168                TIM1_UP_TIM10_IRQHandler
                0x08002168                TIM8_UP_TIM13_IRQHandler
                0x08002168                I2C3_ER_IRQHandler
                0x08002168                EXTI0_IRQHandler
                0x08002168                I2C2_EV_IRQHandler
                0x08002168                DMA1_Stream2_IRQHandler
                0x08002168                CAN1_RX0_IRQHandler
                0x08002168                FPU_IRQHandler
                0x08002168                OTG_HS_WKUP_IRQHandler
                0x08002168                CAN2_SCE_IRQHandler
                0x08002168                DMA2_Stream2_IRQHandler
                0x08002168                SPI1_IRQHandler
                0x08002168                TIM6_DAC_IRQHandler
                0x08002168                TIM1_BRK_TIM9_IRQHandler
                0x08002168                DCMI_IRQHandler
                0x08002168                CAN2_RX0_IRQHandler
                0x08002168                DMA2_Stream3_IRQHandler
                0x08002168                USART6_IRQHandler
                0x08002168                USART3_IRQHandler
                0x08002168                CAN1_RX1_IRQHandler
                0x08002168                UART5_IRQHandler
                0x08002168                DMA2_Stream0_IRQHandler
                0x08002168                TIM4_IRQHandler
                0x08002168                I2C1_EV_IRQHandler
                0x08002168                DMA1_Stream6_IRQHandler
                0x08002168                DMA1_Stream1_IRQHandler
                0x08002168                UART4_IRQHandler
                0x08002168                TIM3_IRQHandler
                0x08002168                RCC_IRQHandler
                0x08002168                TIM8_BRK_TIM12_IRQHandler
                0x08002168                Default_Handler
                0x08002168                EXTI15_10_IRQHandler
                0x08002168                ADC_IRQHandler
                0x08002168                DMA1_Stream7_IRQHandler
                0x08002168                TIM7_IRQHandler
                0x08002168                CAN2_TX_IRQHandler
                0x08002168                TIM5_IRQHandler
                0x08002168                DMA2_Stream7_IRQHandler
                0x08002168                I2C3_EV_IRQHandler
                0x08002168                EXTI9_5_IRQHandler
                0x08002168                RTC_WKUP_IRQHandler
                0x08002168                ETH_WKUP_IRQHandler
                0x08002168                SPI2_IRQHandler
                0x08002168                OTG_HS_EP1_IN_IRQHandler
                0x08002168                DMA1_Stream0_IRQHandler
                0x08002168                CAN1_TX_IRQHandler
                0x08002168                EXTI4_IRQHandler
                0x08002168                FSMC_IRQHandler
                0x08002168                ETH_IRQHandler
                0x08002168                OTG_HS_EP1_OUT_IRQHandler
                0x08002168                WWDG_IRQHandler
                0x08002168                TIM2_IRQHandler
                0x08002168                OTG_FS_WKUP_IRQHandler
                0x08002168                TIM1_TRG_COM_TIM11_IRQHandler
                0x08002168                OTG_HS_IRQHandler
                0x08002168                EXTI1_IRQHandler
                0x08002168                USART2_IRQHandler
                0x08002168                I2C2_ER_IRQHandler
                0x08002168                DMA2_Stream1_IRQHandler
                0x08002168                CAN1_SCE_IRQHandler
                0x08002168                FLASH_IRQHandler
                0x08002168                DMA2_Stream4_IRQHandler
                0x08002168                USART1_IRQHandler
                0x08002168                OTG_FS_IRQHandler
                0x08002168                SPI3_IRQHandler
                0x08002168                DMA1_Stream4_IRQHandler
                0x08002168                I2C1_ER_IRQHandler
                0x08002168                DMA2_Stream6_IRQHandler
                0x08002168                DMA1_Stream3_IRQHandler
 *fill*         0x0800216a        0x2 
 .text.snprintf
                0x0800216c       0x6c D:/toolchain/mcu/arm-gnu-toolchain-13.3.rel1-mingw-w64-i686-arm-none-eabi/bin/../lib/gcc/arm-none-eabi/13.3.1/thumb/v7e-m+fp/hard\libc_nano.a(libc_a-snprintf.o)
                0x0800216c                sniprintf
                0x0800216c                snprintf
 .text.memset   0x080021d8       0x10 D:/toolchain/mcu/arm-gnu-toolchain-13.3.rel1-mingw-w64-i686-arm-none-eabi/bin/../lib/gcc/arm-none-eabi/13.3.1/thumb/v7e-m+fp/hard\libc_nano.a(libc_a-memset.o)
                0x080021d8                memset
 .text.__errno  0x080021e8        0xc D:/toolchain/mcu/arm-gnu-toolchain-13.3.rel1-mingw-w64-i686-arm-none-eabi/bin/../lib/gcc/arm-none-eabi/13.3.1/thumb/v7e-m+fp/hard\libc_nano.a(libc_a-errno.o)
                0x080021e8                __errno
 .text.__libc_init_array
                0x080021f4       0x48 D:/toolchain/mcu/arm-gnu-toolchain-13.3.rel1-mingw-w64-i686-arm-none-eabi/bin/../lib/gcc/arm-none-eabi/13.3.1/thumb/v7e-m+fp/hard\libc_nano.a(libc_a-init.o)
                0x080021f4                __libc_init_array
 .text.__retarget_lock_acquire_recursive
                0x0800223c        0x2 D:/toolchain/mcu/arm-gnu-toolchain-13.3.rel1-mingw-w64-i686-arm-none-eabi/bin/../lib/gcc/arm-none-eabi/13.3.1/thumb/v7e-m+fp/hard\libc_nano.a(libc_a-lock.o)
                0x0800223c                __retarget_lock_acquire_recursive
 .text.__retarget_lock_release_recursive
                0x0800223e        0x2 D:/toolchain/mcu/arm-gnu-toolchain-13.3.rel1-mingw-w64-i686-arm-none-eabi/bin/../lib/gcc/arm-none-eabi/13.3.1/thumb/v7e-m+fp/hard\libc_nano.a(libc_a-lock.o)
                0x0800223e                __retarget_lock_release_recursive
 .text._free_r  0x08002240       0x94 D:/toolchain/mcu/arm-gnu-toolchain-13.3.rel1-mingw-w64-i686-arm-none-eabi/bin/../lib/gcc/arm-none-eabi/13.3.1/thumb/v7e-m+fp/hard\libc_nano.a(libc_a-freer.o)
                0x08002240                _free_r
 .text.sbrk_aligned
                0x080022d4       0x44 D:/toolchain/mcu/arm-gnu-toolchain-13.3.rel1-mingw-w64-i686-arm-none-eabi/bin/../lib/gcc/arm-none-eabi/13.3.1/thumb/v7e-m+fp/hard\libc_nano.a(libc_a-mallocr.o)
 .text._malloc_r
                0x08002318      0x100 D:/toolchain/mcu/arm-gnu-toolchain-13.3.rel1-mingw-w64-i686-arm-none-eabi/bin/../lib/gcc/arm-none-eabi/13.3.1/thumb/v7e-m+fp/hard\libc_nano.a(libc_a-mallocr.o)
                0x08002318                _malloc_r
 .text.__malloc_lock
                0x08002418        0xc D:/toolchain/mcu/arm-gnu-toolchain-13.3.rel1-mingw-w64-i686-arm-none-eabi/bin/../lib/gcc/arm-none-eabi/13.3.1/thumb/v7e-m+fp/hard\libc_nano.a(libc_a-mlock.o)
                0x08002418                __malloc_lock
 .text.__malloc_unlock
                0x08002424        0xc D:/toolchain/mcu/arm-gnu-toolchain-13.3.rel1-mingw-w64-i686-arm-none-eabi/bin/../lib/gcc/arm-none-eabi/13.3.1/thumb/v7e-m+fp/hard\libc_nano.a(libc_a-mlock.o)
                0x08002424                __malloc_unlock
 .text.__ssputs_r
                0x08002430       0xb6 D:/toolchain/mcu/arm-gnu-toolchain-13.3.rel1-mingw-w64-i686-arm-none-eabi/bin/../lib/gcc/arm-none-eabi/13.3.1/thumb/v7e-m+fp/hard\libc_nano.a(libc_a-nano-svfprintf.o)
                0x08002430                __ssputs_r
 *fill*         0x080024e6        0x2 
 .text._svfprintf_r
                0x080024e8      0x1f8 D:/toolchain/mcu/arm-gnu-toolchain-13.3.rel1-mingw-w64-i686-arm-none-eabi/bin/../lib/gcc/arm-none-eabi/13.3.1/thumb/v7e-m+fp/hard\libc_nano.a(libc_a-nano-svfprintf.o)
                0x080024e8                _svfiprintf_r
                0x080024e8                _svfprintf_r
 .text._printf_common
                0x080026e0       0xda D:/toolchain/mcu/arm-gnu-toolchain-13.3.rel1-mingw-w64-i686-arm-none-eabi/bin/../lib/gcc/arm-none-eabi/13.3.1/thumb/v7e-m+fp/hard\libc_nano.a(libc_a-nano-vfprintf_i.o)
                0x080026e0                _printf_common
 *fill*         0x080027ba        0x2 
 .text._printf_i
                0x080027bc      0x23c D:/toolchain/mcu/arm-gnu-toolchain-13.3.rel1-mingw-w64-i686-arm-none-eabi/bin/../lib/gcc/arm-none-eabi/13.3.1/thumb/v7e-m+fp/hard\libc_nano.a(libc_a-nano-vfprintf_i.o)
                0x080027bc                _printf_i
 .text.memmove  0x080029f8       0x34 D:/toolchain/mcu/arm-gnu-toolchain-13.3.rel1-mingw-w64-i686-arm-none-eabi/bin/../lib/gcc/arm-none-eabi/13.3.1/thumb/v7e-m+fp/hard\libc_nano.a(libc_a-memmove.o)
                0x080029f8                memmove
 .text._sbrk_r  0x08002a2c       0x20 D:/toolchain/mcu/arm-gnu-toolchain-13.3.rel1-mingw-w64-i686-arm-none-eabi/bin/../lib/gcc/arm-none-eabi/13.3.1/thumb/v7e-m+fp/hard\libc_nano.a(libc_a-sbrkr.o)
                0x08002a2c                _sbrk_r
 .text.memcpy   0x08002a4c       0x1c D:/toolchain/mcu/arm-gnu-toolchain-13.3.rel1-mingw-w64-i686-arm-none-eabi/bin/../lib/gcc/arm-none-eabi/13.3.1/thumb/v7e-m+fp/hard\libc_nano.a(libc_a-memcpy-stub.o)
                0x08002a4c                memcpy
 .text._realloc_r
                0x08002a68       0x5c D:/toolchain/mcu/arm-gnu-toolchain-13.3.rel1-mingw-w64-i686-arm-none-eabi/bin/../lib/gcc/arm-none-eabi/13.3.1/thumb/v7e-m+fp/hard\libc_nano.a(libc_a-reallocr.o)
                0x08002a68                _realloc_r
 .text._malloc_usable_size_r
                0x08002ac4       0x10 D:/toolchain/mcu/arm-gnu-toolchain-13.3.rel1-mingw-w64-i686-arm-none-eabi/bin/../lib/gcc/arm-none-eabi/13.3.1/thumb/v7e-m+fp/hard\libc_nano.a(libc_a-msizer.o)
                0x08002ac4                _malloc_usable_size_r
 .text.__udivmoddi4
                0x08002ad4      0x2bc D:/toolchain/mcu/arm-gnu-toolchain-13.3.rel1-mingw-w64-i686-arm-none-eabi/bin/../lib/gcc/arm-none-eabi/13.3.1/thumb/v7e-m+fp/hard\libgcc.a(_udivmoddi4.o)
                0x08002ad4                __udivmoddi4
 *(.glue_7)
 .glue_7        0x08002d90        0x0 linker stubs
 *(.glue_7t)
 .glue_7t       0x08002d90        0x0 linker stubs
 *(.eh_frame)
 .eh_frame      0x08002d90        0x0 D:/toolchain/mcu/arm-gnu-toolchain-13.3.rel1-mingw-w64-i686-arm-none-eabi/bin/../lib/gcc/arm-none-eabi/13.3.1/thumb/v7e-m+fp/hard/crtbegin.o
 *(.init)
 .init          0x08002d90        0x4 D:/toolchain/mcu/arm-gnu-toolchain-13.3.rel1-mingw-w64-i686-arm-none-eabi/bin/../lib/gcc/arm-none-eabi/13.3.1/thumb/v7e-m+fp/hard/crti.o
                0x08002d90                _init
 .init          0x08002d94        0x8 D:/toolchain/mcu/arm-gnu-toolchain-13.3.rel1-mingw-w64-i686-arm-none-eabi/bin/../lib/gcc/arm-none-eabi/13.3.1/thumb/v7e-m+fp/hard/crtn.o
 *(.fini)
 .fini          0x08002d9c        0x4 D:/toolchain/mcu/arm-gnu-toolchain-13.3.rel1-mingw-w64-i686-arm-none-eabi/bin/../lib/gcc/arm-none-eabi/13.3.1/thumb/v7e-m+fp/hard/crti.o
                0x08002d9c                _fini
 .fini          0x08002da0        0x8 D:/toolchain/mcu/arm-gnu-toolchain-13.3.rel1-mingw-w64-i686-arm-none-eabi/bin/../lib/gcc/arm-none-eabi/13.3.1/thumb/v7e-m+fp/hard/crtn.o
                0x08002da8                        . = ALIGN (0x4)
                0x08002da8                        _etext = .

.vfp11_veneer   0x08002da8        0x0
 .vfp11_veneer  0x08002da8        0x0 linker stubs

.v4_bx          0x08002da8        0x0
 .v4_bx         0x08002da8        0x0 linker stubs

.iplt           0x08002da8        0x0
 .iplt          0x08002da8        0x0 D:/toolchain/mcu/arm-gnu-toolchain-13.3.rel1-mingw-w64-i686-arm-none-eabi/bin/../lib/gcc/arm-none-eabi/13.3.1/thumb/v7e-m+fp/hard/crtbegin.o

.rodata         0x08002da8       0xfc
                0x08002da8                        . = ALIGN (0x4)
 *(.rodata)
 *(.rodata*)
 .rodata.ch390_default_config.str1.4
                0x08002da8       0xb0 build/ch390.o
                                  0x9 (size before relaxing)
 .rodata.ch390_print_info.str1.4
                0x08002e58       0x23 build/main.o
 .rodata.print_packet.str1.4
                0x08002e58       0x3a build/main.o
 .rodata.ch390_int_handler.str1.4
                0x08002e58       0x44 build/main.o
 .rodata.APBPrescTable
                0x08002e58        0x8 build/system_stm32f4xx.o
                0x08002e58                APBPrescTable
 .rodata.AHBPrescTable
                0x08002e60       0x10 build/system_stm32f4xx.o
                0x08002e60                AHBPrescTable
 .rodata._svfprintf_r.str1.1
                0x08002e70       0x33 D:/toolchain/mcu/arm-gnu-toolchain-13.3.rel1-mingw-w64-i686-arm-none-eabi/bin/../lib/gcc/arm-none-eabi/13.3.1/thumb/v7e-m+fp/hard\libc_nano.a(libc_a-nano-svfprintf.o)
                                 0x11 (size before relaxing)
 .rodata._printf_i.str1.1
                0x08002ea3       0x22 D:/toolchain/mcu/arm-gnu-toolchain-13.3.rel1-mingw-w64-i686-arm-none-eabi/bin/../lib/gcc/arm-none-eabi/13.3.1/thumb/v7e-m+fp/hard\libc_nano.a(libc_a-nano-vfprintf_i.o)
                0x08002ec8                        . = ALIGN (0x4)
 *fill*         0x08002ea3        0x1 

.ARM.extab
 *(.ARM.extab* .gnu.linkonce.armextab.*)

.ARM            0x08002ea4        0x8
                0x08002ea4                        __exidx_start = .
 *(.ARM.exidx*)
 .ARM.exidx     0x08002ea4        0x8 D:/toolchain/mcu/arm-gnu-toolchain-13.3.rel1-mingw-w64-i686-arm-none-eabi/bin/../lib/gcc/arm-none-eabi/13.3.1/thumb/v7e-m+fp/hard\libc_nano.a(libc_a-strlen.o)
 .ARM.exidx     0x08002eac        0x0 D:/toolchain/mcu/arm-gnu-toolchain-13.3.rel1-mingw-w64-i686-arm-none-eabi/bin/../lib/gcc/arm-none-eabi/13.3.1/thumb/v7e-m+fp/hard\libc_nano.a(libc_a-memchr.o)
                                  0x8 (size before relaxing)
 .ARM.exidx.text.__udivmoddi4
                0x08002eac        0x0 D:/toolchain/mcu/arm-gnu-toolchain-13.3.rel1-mingw-w64-i686-arm-none-eabi/bin/../lib/gcc/arm-none-eabi/13.3.1/thumb/v7e-m+fp/hard\libgcc.a(_udivmoddi4.o)
                                  0x8 (size before relaxing)
                0x08002eac                        __exidx_end = .

.rel.dyn        0x08002eac        0x0
 .rel.iplt      0x08002eac        0x0 D:/toolchain/mcu/arm-gnu-toolchain-13.3.rel1-mingw-w64-i686-arm-none-eabi/bin/../lib/gcc/arm-none-eabi/13.3.1/thumb/v7e-m+fp/hard/crtbegin.o

.preinit_array  0x08002eac        0x0
                0x08002eac                        PROVIDE (__preinit_array_start = .)
 *(.preinit_array*)
                0x08002eac                        PROVIDE (__preinit_array_end = .)

.init_array     0x08002eac        0x4
                0x08002eac                        PROVIDE (__init_array_start = .)
 *(SORT_BY_NAME(.init_array.*))
 *(.init_array*)
 .init_array    0x08002eac        0x4 D:/toolchain/mcu/arm-gnu-toolchain-13.3.rel1-mingw-w64-i686-arm-none-eabi/bin/../lib/gcc/arm-none-eabi/13.3.1/thumb/v7e-m+fp/hard/crtbegin.o
                0x08002eb0                        PROVIDE (__init_array_end = .)

.fini_array     0x08002eb0        0x4
                [!provide]                        PROVIDE (__fini_array_start = .)
 *(SORT_BY_NAME(.fini_array.*))
 *(.fini_array*)
 .fini_array    0x08002eb0        0x4 D:/toolchain/mcu/arm-gnu-toolchain-13.3.rel1-mingw-w64-i686-arm-none-eabi/bin/../lib/gcc/arm-none-eabi/13.3.1/thumb/v7e-m+fp/hard/crtbegin.o
                [!provide]                        PROVIDE (__fini_array_end = .)
                0x08002eb4                        _sidata = LOADADDR (.data)

.data           0x20000000       0x5c load address 0x08002eb4
                0x20000000                        . = ALIGN (0x4)
                0x20000000                        _sdata = .
 *(.data)
 *(.data*)
 .data.uwTickFreq
                0x20000000        0x1 build/stm32f4xx_hal.o
                0x20000000                uwTickFreq
 *fill*         0x20000001        0x3 
 .data.uwTickPrio
                0x20000004        0x4 build/stm32f4xx_hal.o
                0x20000004                uwTickPrio
 .data.SystemCoreClock
                0x20000008        0x4 build/system_stm32f4xx.o
                0x20000008                SystemCoreClock
 .data._impure_ptr
                0x2000000c        0x4 D:/toolchain/mcu/arm-gnu-toolchain-13.3.rel1-mingw-w64-i686-arm-none-eabi/bin/../lib/gcc/arm-none-eabi/13.3.1/thumb/v7e-m+fp/hard\libc_nano.a(libc_a-impure.o)
                0x2000000c                _impure_ptr
 .data._impure_data
                0x20000010       0x4c D:/toolchain/mcu/arm-gnu-toolchain-13.3.rel1-mingw-w64-i686-arm-none-eabi/bin/../lib/gcc/arm-none-eabi/13.3.1/thumb/v7e-m+fp/hard\libc_nano.a(libc_a-impure.o)
                0x20000010                _impure_data
                0x2000005c                        . = ALIGN (0x4)
                0x2000005c                        _edata = .
                0x08002f10                        _siccmram = LOADADDR (.ccmram)

.tm_clone_table
                0x2000005c        0x0 load address 0x08002f10
 .tm_clone_table
                0x2000005c        0x0 D:/toolchain/mcu/arm-gnu-toolchain-13.3.rel1-mingw-w64-i686-arm-none-eabi/bin/../lib/gcc/arm-none-eabi/13.3.1/thumb/v7e-m+fp/hard/crtbegin.o
 .tm_clone_table
                0x2000005c        0x0 D:/toolchain/mcu/arm-gnu-toolchain-13.3.rel1-mingw-w64-i686-arm-none-eabi/bin/../lib/gcc/arm-none-eabi/13.3.1/thumb/v7e-m+fp/hard/crtend.o

.igot.plt       0x2000005c        0x0 load address 0x08002f10
 .igot.plt      0x2000005c        0x0 D:/toolchain/mcu/arm-gnu-toolchain-13.3.rel1-mingw-w64-i686-arm-none-eabi/bin/../lib/gcc/arm-none-eabi/13.3.1/thumb/v7e-m+fp/hard/crtbegin.o

.ccmram         0x10000000        0x0 load address 0x08002f10
                0x10000000                        . = ALIGN (0x4)
                0x10000000                        _sccmram = .
 *(.ccmram)
 *(.ccmram*)
                0x10000000                        . = ALIGN (0x4)
                0x10000000                        _eccmram = .
                0x10000000                        . = ALIGN (0x4)

.bss            0x2000005c      0xae8
                0x2000005c                        _sbss = .
                0x2000005c                        __bss_start__ = _sbss
 *(.bss)
 *(.bss*)
 .bss.completed.1
                0x2000005c        0x1 D:/toolchain/mcu/arm-gnu-toolchain-13.3.rel1-mingw-w64-i686-arm-none-eabi/bin/../lib/gcc/arm-none-eabi/13.3.1/thumb/v7e-m+fp/hard/crtbegin.o
 *fill*         0x2000005d        0x3 
 .bss.object.0  0x20000060       0x18 D:/toolchain/mcu/arm-gnu-toolchain-13.3.rel1-mingw-w64-i686-arm-none-eabi/bin/../lib/gcc/arm-none-eabi/13.3.1/thumb/v7e-m+fp/hard/crtbegin.o
 .bss.receive_buff
                0x20000078      0x600 build/main.o
                0x20000078                receive_buff
 .bss.packet_data
                0x20000678      0x258 build/main.o
                0x20000678                packet_data
 .bss.phy_linked
                0x200008d0        0x1 build/main.o
                0x200008d0                phy_linked
 *fill*         0x200008d1        0x3 
 .bss.uart1_tx_buf
                0x200008d4       0x80 build/main.o
                0x200008d4                uart1_tx_buf
 .bss.hspi2     0x20000954       0x58 build/spi.o
                0x20000954                hspi2
 .bss.huart1    0x200009ac       0x48 build/usart.o
                0x200009ac                huart1
 .bss.uwTick    0x200009f4        0x4 build/stm32f4xx_hal.o
                0x200009f4                uwTick
 .bss.__sbrk_heap_end
                0x200009f8        0x4 build/sysmem.o
 .bss.__sf      0x200009fc      0x138 D:/toolchain/mcu/arm-gnu-toolchain-13.3.rel1-mingw-w64-i686-arm-none-eabi/bin/../lib/gcc/arm-none-eabi/13.3.1/thumb/v7e-m+fp/hard\libc_nano.a(libc_a-findfp.o)
                0x200009fc                __sf
 .bss.errno     0x20000b34        0x4 D:/toolchain/mcu/arm-gnu-toolchain-13.3.rel1-mingw-w64-i686-arm-none-eabi/bin/../lib/gcc/arm-none-eabi/13.3.1/thumb/v7e-m+fp/hard\libc_nano.a(libc_a-reent.o)
                0x20000b34                errno
 .bss.__lock___malloc_recursive_mutex
                0x20000b38        0x1 D:/toolchain/mcu/arm-gnu-toolchain-13.3.rel1-mingw-w64-i686-arm-none-eabi/bin/../lib/gcc/arm-none-eabi/13.3.1/thumb/v7e-m+fp/hard\libc_nano.a(libc_a-lock.o)
                0x20000b38                __lock___malloc_recursive_mutex
 *fill*         0x20000b39        0x3 
 .bss.__malloc_sbrk_start
                0x20000b3c        0x4 D:/toolchain/mcu/arm-gnu-toolchain-13.3.rel1-mingw-w64-i686-arm-none-eabi/bin/../lib/gcc/arm-none-eabi/13.3.1/thumb/v7e-m+fp/hard\libc_nano.a(libc_a-mallocr.o)
                0x20000b3c                __malloc_sbrk_start
 .bss.__malloc_free_list
                0x20000b40        0x4 D:/toolchain/mcu/arm-gnu-toolchain-13.3.rel1-mingw-w64-i686-arm-none-eabi/bin/../lib/gcc/arm-none-eabi/13.3.1/thumb/v7e-m+fp/hard\libc_nano.a(libc_a-mallocr.o)
                0x20000b40                __malloc_free_list
 *(COMMON)
                0x20000b44                        . = ALIGN (0x4)
                0x20000b44                        _ebss = .
                0x20000b44                        __bss_end__ = _ebss

._user_heap_stack
                0x20000b44      0x604
                0x20000b48                        . = ALIGN (0x8)
 *fill*         0x20000b44        0x4 
                [!provide]                        PROVIDE (end = .)
                0x20000b48                        PROVIDE (_end = .)
                0x20000d48                        . = (. + _Min_Heap_Size)
 *fill*         0x20000b48      0x200 
                0x20001148                        . = (. + _Min_Stack_Size)
 *fill*         0x20000d48      0x400 
                0x20001148                        . = ALIGN (0x8)

/DISCARD/
 libc.a(*)
 libm.a(*)
 libgcc.a(*)
OUTPUT(build/jhj.elf elf32-littlearm)
LOAD linker stubs
LOAD D:/toolchain/mcu/arm-gnu-toolchain-13.3.rel1-mingw-w64-i686-arm-none-eabi/bin/../lib/gcc/arm-none-eabi/13.3.1/thumb/v7e-m+fp/hard\libc.a
LOAD D:/toolchain/mcu/arm-gnu-toolchain-13.3.rel1-mingw-w64-i686-arm-none-eabi/bin/../lib/gcc/arm-none-eabi/13.3.1/thumb/v7e-m+fp/hard\libm.a
LOAD D:/toolchain/mcu/arm-gnu-toolchain-13.3.rel1-mingw-w64-i686-arm-none-eabi/bin/../lib/gcc/arm-none-eabi/13.3.1/thumb/v7e-m+fp/hard\libgcc.a

.ARM.attributes
                0x00000000       0x30
 .ARM.attributes
                0x00000000       0x22 D:/toolchain/mcu/arm-gnu-toolchain-13.3.rel1-mingw-w64-i686-arm-none-eabi/bin/../lib/gcc/arm-none-eabi/13.3.1/thumb/v7e-m+fp/hard/crti.o
 .ARM.attributes
                0x00000022       0x34 D:/toolchain/mcu/arm-gnu-toolchain-13.3.rel1-mingw-w64-i686-arm-none-eabi/bin/../lib/gcc/arm-none-eabi/13.3.1/thumb/v7e-m+fp/hard/crtbegin.o
 .ARM.attributes
                0x00000056       0x34 build/ch390.o
 .ARM.attributes
                0x0000008a       0x34 build/main.o
 .ARM.attributes
                0x000000be       0x34 build/gpio.o
 .ARM.attributes
                0x000000f2       0x34 build/spi.o
 .ARM.attributes
                0x00000126       0x34 build/usart.o
 .ARM.attributes
                0x0000015a       0x34 build/stm32f4xx_it.o
 .ARM.attributes
                0x0000018e       0x34 build/stm32f4xx_hal_msp.o
 .ARM.attributes
                0x000001c2       0x34 build/stm32f4xx_hal_spi.o
 .ARM.attributes
                0x000001f6       0x34 build/stm32f4xx_hal_rcc.o
 .ARM.attributes
                0x0000022a       0x34 build/stm32f4xx_hal_gpio.o
 .ARM.attributes
                0x0000025e       0x34 build/stm32f4xx_hal_cortex.o
 .ARM.attributes
                0x00000292       0x34 build/stm32f4xx_hal.o
 .ARM.attributes
                0x000002c6       0x34 build/stm32f4xx_hal_uart.o
 .ARM.attributes
                0x000002fa       0x34 build/system_stm32f4xx.o
 .ARM.attributes
                0x0000032e       0x34 build/sysmem.o
 .ARM.attributes
                0x00000362       0x21 build/startup_stm32f407xx.o
 .ARM.attributes
                0x00000383       0x34 D:/toolchain/mcu/arm-gnu-toolchain-13.3.rel1-mingw-w64-i686-arm-none-eabi/bin/../lib/gcc/arm-none-eabi/13.3.1/thumb/v7e-m+fp/hard\libc_nano.a(libc_a-findfp.o)
 .ARM.attributes
                0x000003b7       0x34 D:/toolchain/mcu/arm-gnu-toolchain-13.3.rel1-mingw-w64-i686-arm-none-eabi/bin/../lib/gcc/arm-none-eabi/13.3.1/thumb/v7e-m+fp/hard\libc_nano.a(libc_a-snprintf.o)
 .ARM.attributes
                0x000003eb       0x34 D:/toolchain/mcu/arm-gnu-toolchain-13.3.rel1-mingw-w64-i686-arm-none-eabi/bin/../lib/gcc/arm-none-eabi/13.3.1/thumb/v7e-m+fp/hard\libc_nano.a(libc_a-memset.o)
 .ARM.attributes
                0x0000041f       0x34 D:/toolchain/mcu/arm-gnu-toolchain-13.3.rel1-mingw-w64-i686-arm-none-eabi/bin/../lib/gcc/arm-none-eabi/13.3.1/thumb/v7e-m+fp/hard\libc_nano.a(libc_a-reent.o)
 .ARM.attributes
                0x00000453       0x34 D:/toolchain/mcu/arm-gnu-toolchain-13.3.rel1-mingw-w64-i686-arm-none-eabi/bin/../lib/gcc/arm-none-eabi/13.3.1/thumb/v7e-m+fp/hard\libc_nano.a(libc_a-impure.o)
 .ARM.attributes
                0x00000487       0x34 D:/toolchain/mcu/arm-gnu-toolchain-13.3.rel1-mingw-w64-i686-arm-none-eabi/bin/../lib/gcc/arm-none-eabi/13.3.1/thumb/v7e-m+fp/hard\libc_nano.a(libc_a-errno.o)
 .ARM.attributes
                0x000004bb       0x34 D:/toolchain/mcu/arm-gnu-toolchain-13.3.rel1-mingw-w64-i686-arm-none-eabi/bin/../lib/gcc/arm-none-eabi/13.3.1/thumb/v7e-m+fp/hard\libc_nano.a(libc_a-init.o)
 .ARM.attributes
                0x000004ef       0x34 D:/toolchain/mcu/arm-gnu-toolchain-13.3.rel1-mingw-w64-i686-arm-none-eabi/bin/../lib/gcc/arm-none-eabi/13.3.1/thumb/v7e-m+fp/hard\libc_nano.a(libc_a-lock.o)
 .ARM.attributes
                0x00000523       0x17 D:/toolchain/mcu/arm-gnu-toolchain-13.3.rel1-mingw-w64-i686-arm-none-eabi/bin/../lib/gcc/arm-none-eabi/13.3.1/thumb/v7e-m+fp/hard\libc_nano.a(libc_a-strlen.o)
 .ARM.attributes
                0x0000053a       0x34 D:/toolchain/mcu/arm-gnu-toolchain-13.3.rel1-mingw-w64-i686-arm-none-eabi/bin/../lib/gcc/arm-none-eabi/13.3.1/thumb/v7e-m+fp/hard\libc_nano.a(libc_a-freer.o)
 .ARM.attributes
                0x0000056e       0x34 D:/toolchain/mcu/arm-gnu-toolchain-13.3.rel1-mingw-w64-i686-arm-none-eabi/bin/../lib/gcc/arm-none-eabi/13.3.1/thumb/v7e-m+fp/hard\libc_nano.a(libc_a-mallocr.o)
 .ARM.attributes
                0x000005a2       0x34 D:/toolchain/mcu/arm-gnu-toolchain-13.3.rel1-mingw-w64-i686-arm-none-eabi/bin/../lib/gcc/arm-none-eabi/13.3.1/thumb/v7e-m+fp/hard\libc_nano.a(libc_a-mlock.o)
 .ARM.attributes
                0x000005d6       0x34 D:/toolchain/mcu/arm-gnu-toolchain-13.3.rel1-mingw-w64-i686-arm-none-eabi/bin/../lib/gcc/arm-none-eabi/13.3.1/thumb/v7e-m+fp/hard\libc_nano.a(libc_a-nano-svfprintf.o)
 .ARM.attributes
                0x0000060a       0x34 D:/toolchain/mcu/arm-gnu-toolchain-13.3.rel1-mingw-w64-i686-arm-none-eabi/bin/../lib/gcc/arm-none-eabi/13.3.1/thumb/v7e-m+fp/hard\libc_nano.a(libc_a-nano-vfprintf_i.o)
 .ARM.attributes
                0x0000063e       0x34 D:/toolchain/mcu/arm-gnu-toolchain-13.3.rel1-mingw-w64-i686-arm-none-eabi/bin/../lib/gcc/arm-none-eabi/13.3.1/thumb/v7e-m+fp/hard\libc_nano.a(libc_a-memmove.o)
 .ARM.attributes
                0x00000672       0x34 D:/toolchain/mcu/arm-gnu-toolchain-13.3.rel1-mingw-w64-i686-arm-none-eabi/bin/../lib/gcc/arm-none-eabi/13.3.1/thumb/v7e-m+fp/hard\libc_nano.a(libc_a-sbrkr.o)
 .ARM.attributes
                0x000006a6       0x1c D:/toolchain/mcu/arm-gnu-toolchain-13.3.rel1-mingw-w64-i686-arm-none-eabi/bin/../lib/gcc/arm-none-eabi/13.3.1/thumb/v7e-m+fp/hard\libc_nano.a(libc_a-memchr.o)
 .ARM.attributes
                0x000006c2       0x34 D:/toolchain/mcu/arm-gnu-toolchain-13.3.rel1-mingw-w64-i686-arm-none-eabi/bin/../lib/gcc/arm-none-eabi/13.3.1/thumb/v7e-m+fp/hard\libc_nano.a(libc_a-memcpy-stub.o)
 .ARM.attributes
                0x000006f6       0x34 D:/toolchain/mcu/arm-gnu-toolchain-13.3.rel1-mingw-w64-i686-arm-none-eabi/bin/../lib/gcc/arm-none-eabi/13.3.1/thumb/v7e-m+fp/hard\libc_nano.a(libc_a-reallocr.o)
 .ARM.attributes
                0x0000072a       0x34 D:/toolchain/mcu/arm-gnu-toolchain-13.3.rel1-mingw-w64-i686-arm-none-eabi/bin/../lib/gcc/arm-none-eabi/13.3.1/thumb/v7e-m+fp/hard\libc_nano.a(libc_a-msizer.o)
 .ARM.attributes
                0x0000075e       0x22 D:/toolchain/mcu/arm-gnu-toolchain-13.3.rel1-mingw-w64-i686-arm-none-eabi/bin/../lib/gcc/arm-none-eabi/13.3.1/thumb/v7e-m+fp/hard\libgcc.a(_aeabi_uldivmod.o)
 .ARM.attributes
                0x00000780       0x34 D:/toolchain/mcu/arm-gnu-toolchain-13.3.rel1-mingw-w64-i686-arm-none-eabi/bin/../lib/gcc/arm-none-eabi/13.3.1/thumb/v7e-m+fp/hard\libgcc.a(_udivmoddi4.o)
 .ARM.attributes
                0x000007b4       0x22 D:/toolchain/mcu/arm-gnu-toolchain-13.3.rel1-mingw-w64-i686-arm-none-eabi/bin/../lib/gcc/arm-none-eabi/13.3.1/thumb/v7e-m+fp/hard\libgcc.a(_dvmd_tls.o)
 .ARM.attributes
                0x000007d6       0x34 D:/toolchain/mcu/arm-gnu-toolchain-13.3.rel1-mingw-w64-i686-arm-none-eabi/bin/../lib/gcc/arm-none-eabi/13.3.1/thumb/v7e-m+fp/hard/crtend.o
 .ARM.attributes
                0x0000080a       0x22 D:/toolchain/mcu/arm-gnu-toolchain-13.3.rel1-mingw-w64-i686-arm-none-eabi/bin/../lib/gcc/arm-none-eabi/13.3.1/thumb/v7e-m+fp/hard/crtn.o

.comment        0x00000000       0x45
 .comment       0x00000000       0x45 build/ch390.o
                                 0x46 (size before relaxing)
 .comment       0x00000045       0x46 build/main.o
 .comment       0x00000045       0x46 build/gpio.o
 .comment       0x00000045       0x46 build/spi.o
 .comment       0x00000045       0x46 build/usart.o
 .comment       0x00000045       0x46 build/stm32f4xx_it.o
 .comment       0x00000045       0x46 build/stm32f4xx_hal_msp.o
 .comment       0x00000045       0x46 build/stm32f4xx_hal_spi.o
 .comment       0x00000045       0x46 build/stm32f4xx_hal_rcc.o
 .comment       0x00000045       0x46 build/stm32f4xx_hal_gpio.o
 .comment       0x00000045       0x46 build/stm32f4xx_hal_cortex.o
 .comment       0x00000045       0x46 build/stm32f4xx_hal.o
 .comment       0x00000045       0x46 build/stm32f4xx_hal_uart.o
 .comment       0x00000045       0x46 build/system_stm32f4xx.o
 .comment       0x00000045       0x46 build/sysmem.o

.debug_info     0x00000000     0xe71c
 .debug_info    0x00000000     0x1570 build/ch390.o
 .debug_info    0x00001570     0x1589 build/main.o
 .debug_info    0x00002af9      0x568 build/gpio.o
 .debug_info    0x00003061      0xbad build/spi.o
 .debug_info    0x00003c0e      0xb14 build/usart.o
 .debug_info    0x00004722      0x157 build/stm32f4xx_it.o
 .debug_info    0x00004879      0x2eb build/stm32f4xx_hal_msp.o
 .debug_info    0x00004b64     0x1f80 build/stm32f4xx_hal_spi.o
 .debug_info    0x00006ae4      0xc0a build/stm32f4xx_hal_rcc.o
 .debug_info    0x000076ee      0x848 build/stm32f4xx_hal_gpio.o
 .debug_info    0x00007f36     0x11e0 build/stm32f4xx_hal_cortex.o
 .debug_info    0x00009116      0xafa build/stm32f4xx_hal.o
 .debug_info    0x00009c10     0x439d build/stm32f4xx_hal_uart.o
 .debug_info    0x0000dfad      0x5b3 build/system_stm32f4xx.o
 .debug_info    0x0000e560      0x18c build/sysmem.o
 .debug_info    0x0000e6ec       0x30 build/startup_stm32f407xx.o

.debug_abbrev   0x00000000     0x2118
 .debug_abbrev  0x00000000      0x393 build/ch390.o
 .debug_abbrev  0x00000393      0x34d build/main.o
 .debug_abbrev  0x000006e0      0x160 build/gpio.o
 .debug_abbrev  0x00000840      0x20f build/spi.o
 .debug_abbrev  0x00000a4f      0x20f build/usart.o
 .debug_abbrev  0x00000c5e       0x80 build/stm32f4xx_it.o
 .debug_abbrev  0x00000cde       0xd3 build/stm32f4xx_hal_msp.o
 .debug_abbrev  0x00000db1      0x2be build/stm32f4xx_hal_spi.o
 .debug_abbrev  0x0000106f      0x2de build/stm32f4xx_hal_rcc.o
 .debug_abbrev  0x0000134d      0x22b build/stm32f4xx_hal_gpio.o
 .debug_abbrev  0x00001578      0x3ca build/stm32f4xx_hal_cortex.o
 .debug_abbrev  0x00001942      0x244 build/stm32f4xx_hal.o
 .debug_abbrev  0x00001b86      0x36f build/stm32f4xx_hal_uart.o
 .debug_abbrev  0x00001ef5      0x11b build/system_stm32f4xx.o
 .debug_abbrev  0x00002010       0xeb build/sysmem.o
 .debug_abbrev  0x000020fb       0x1d build/startup_stm32f407xx.o

.debug_loc      0x00000000     0x9e22
 .debug_loc     0x00000000      0x857 build/ch390.o
 .debug_loc     0x00000857      0x2b2 build/main.o
 .debug_loc     0x00000b09       0x39 build/gpio.o
 .debug_loc     0x00000b42      0x120 build/spi.o
 .debug_loc     0x00000c62      0x120 build/usart.o
 .debug_loc     0x00000d82       0x20 build/stm32f4xx_it.o
 .debug_loc     0x00000da2       0x2c build/stm32f4xx_hal_msp.o
 .debug_loc     0x00000dce     0x261f build/stm32f4xx_hal_spi.o
 .debug_loc     0x000033ed      0x720 build/stm32f4xx_hal_rcc.o
 .debug_loc     0x00003b0d      0x60b build/stm32f4xx_hal_gpio.o
 .debug_loc     0x00004118      0x8ff build/stm32f4xx_hal_cortex.o
 .debug_loc     0x00004a17      0x1f9 build/stm32f4xx_hal.o
 .debug_loc     0x00004c10     0x5001 build/stm32f4xx_hal_uart.o
 .debug_loc     0x00009c11      0x181 build/system_stm32f4xx.o
 .debug_loc     0x00009d92       0x90 build/sysmem.o

.debug_aranges  0x00000000      0x920
 .debug_aranges
                0x00000000       0xb8 build/ch390.o
 .debug_aranges
                0x000000b8       0x58 build/main.o
 .debug_aranges
                0x00000110       0x20 build/gpio.o
 .debug_aranges
                0x00000130       0x30 build/spi.o
 .debug_aranges
                0x00000160       0x30 build/usart.o
 .debug_aranges
                0x00000190       0x60 build/stm32f4xx_it.o
 .debug_aranges
                0x000001f0       0x20 build/stm32f4xx_hal_msp.o
 .debug_aranges
                0x00000210      0x1d0 build/stm32f4xx_hal_spi.o
 .debug_aranges
                0x000003e0       0x88 build/stm32f4xx_hal_rcc.o
 .debug_aranges
                0x00000468       0x58 build/stm32f4xx_hal_gpio.o
 .debug_aranges
                0x000004c0       0xf8 build/stm32f4xx_hal_cortex.o
 .debug_aranges
                0x000005b8       0xf0 build/stm32f4xx_hal.o
 .debug_aranges
                0x000006a8      0x208 build/stm32f4xx_hal_uart.o
 .debug_aranges
                0x000008b0       0x28 build/system_stm32f4xx.o
 .debug_aranges
                0x000008d8       0x20 build/sysmem.o
 .debug_aranges
                0x000008f8       0x28 build/startup_stm32f407xx.o

.debug_ranges   0x00000000      0x870
 .debug_ranges  0x00000000       0xa8 build/ch390.o
 .debug_ranges  0x000000a8       0x60 build/main.o
 .debug_ranges  0x00000108       0x10 build/gpio.o
 .debug_ranges  0x00000118       0x20 build/spi.o
 .debug_ranges  0x00000138       0x20 build/usart.o
 .debug_ranges  0x00000158       0x50 build/stm32f4xx_it.o
 .debug_ranges  0x000001a8       0x10 build/stm32f4xx_hal_msp.o
 .debug_ranges  0x000001b8      0x1c0 build/stm32f4xx_hal_spi.o
 .debug_ranges  0x00000378       0x90 build/stm32f4xx_hal_rcc.o
 .debug_ranges  0x00000408       0x48 build/stm32f4xx_hal_gpio.o
 .debug_ranges  0x00000450       0xe8 build/stm32f4xx_hal_cortex.o
 .debug_ranges  0x00000538       0xe0 build/stm32f4xx_hal.o
 .debug_ranges  0x00000618      0x210 build/stm32f4xx_hal_uart.o
 .debug_ranges  0x00000828       0x18 build/system_stm32f4xx.o
 .debug_ranges  0x00000840       0x10 build/sysmem.o
 .debug_ranges  0x00000850       0x20 build/startup_stm32f407xx.o

.debug_line     0x00000000     0x9848
 .debug_line    0x00000000      0x671 build/ch390.o
 .debug_line    0x00000671      0x734 build/main.o
 .debug_line    0x00000da5      0x20f build/gpio.o
 .debug_line    0x00000fb4      0x346 build/spi.o
 .debug_line    0x000012fa      0x2f7 build/usart.o
 .debug_line    0x000015f1      0x13d build/stm32f4xx_it.o
 .debug_line    0x0000172e      0x188 build/stm32f4xx_hal_msp.o
 .debug_line    0x000018b6     0x2499 build/stm32f4xx_hal_spi.o
 .debug_line    0x00003d4f      0xbf0 build/stm32f4xx_hal_rcc.o
 .debug_line    0x0000493f      0x727 build/stm32f4xx_hal_gpio.o
 .debug_line    0x00005066      0x85c build/stm32f4xx_hal_cortex.o
 .debug_line    0x000058c2      0x599 build/stm32f4xx_hal.o
 .debug_line    0x00005e5b     0x34ef build/stm32f4xx_hal_uart.o
 .debug_line    0x0000934a      0x280 build/system_stm32f4xx.o
 .debug_line    0x000095ca      0x20b build/sysmem.o
 .debug_line    0x000097d5       0x73 build/startup_stm32f407xx.o

.debug_str      0x00000000     0x2bf0
 .debug_str     0x00000000     0x2bf0 build/ch390.o
                                0x9b0 (size before relaxing)
 .debug_str     0x00002bf0      0xb56 build/main.o
 .debug_str     0x00002bf0      0x346 build/gpio.o
 .debug_str     0x00002bf0      0x7d3 build/spi.o
 .debug_str     0x00002bf0      0x802 build/usart.o
 .debug_str     0x00002bf0      0x1fb build/stm32f4xx_it.o
 .debug_str     0x00002bf0      0x287 build/stm32f4xx_hal_msp.o
 .debug_str     0x00002bf0      0xbc0 build/stm32f4xx_hal_spi.o
 .debug_str     0x00002bf0      0x6d2 build/stm32f4xx_hal_rcc.o
 .debug_str     0x00002bf0      0x4ac build/stm32f4xx_hal_gpio.o
 .debug_str     0x00002bf0      0xc41 build/stm32f4xx_hal_cortex.o
 .debug_str     0x00002bf0      0xb30 build/stm32f4xx_hal.o
 .debug_str     0x00002bf0      0xd67 build/stm32f4xx_hal_uart.o
 .debug_str     0x00002bf0      0x341 build/system_stm32f4xx.o
 .debug_str     0x00002bf0      0x1f1 build/sysmem.o
 .debug_str     0x00002bf0       0x4e build/startup_stm32f407xx.o

.debug_frame    0x00000000     0x1cf8
 .debug_frame   0x00000000      0x21c build/ch390.o
 .debug_frame   0x0000021c       0xdc build/main.o
 .debug_frame   0x000002f8       0x34 build/gpio.o
 .debug_frame   0x0000032c       0x68 build/spi.o
 .debug_frame   0x00000394       0x60 build/usart.o
 .debug_frame   0x000003f4       0xa8 build/stm32f4xx_it.o
 .debug_frame   0x0000049c       0x28 build/stm32f4xx_hal_msp.o
 .debug_frame   0x000004c4      0x5c8 build/stm32f4xx_hal_spi.o
 .debug_frame   0x00000a8c      0x16c build/stm32f4xx_hal_rcc.o
 .debug_frame   0x00000bf8       0xd8 build/stm32f4xx_hal_gpio.o
 .debug_frame   0x00000cd0      0x214 build/stm32f4xx_hal_cortex.o
 .debug_frame   0x00000ee4      0x1ec build/stm32f4xx_hal.o
 .debug_frame   0x000010d0      0x5dc build/stm32f4xx_hal_uart.o
 .debug_frame   0x000016ac       0x30 build/system_stm32f4xx.o
 .debug_frame   0x000016dc       0x28 build/sysmem.o
 .debug_frame   0x00001704      0x144 D:/toolchain/mcu/arm-gnu-toolchain-13.3.rel1-mingw-w64-i686-arm-none-eabi/bin/../lib/gcc/arm-none-eabi/13.3.1/thumb/v7e-m+fp/hard\libc_nano.a(libc_a-findfp.o)
 .debug_frame   0x00001848       0x7c D:/toolchain/mcu/arm-gnu-toolchain-13.3.rel1-mingw-w64-i686-arm-none-eabi/bin/../lib/gcc/arm-none-eabi/13.3.1/thumb/v7e-m+fp/hard\libc_nano.a(libc_a-snprintf.o)
 .debug_frame   0x000018c4       0x20 D:/toolchain/mcu/arm-gnu-toolchain-13.3.rel1-mingw-w64-i686-arm-none-eabi/bin/../lib/gcc/arm-none-eabi/13.3.1/thumb/v7e-m+fp/hard\libc_nano.a(libc_a-memset.o)
 .debug_frame   0x000018e4       0x38 D:/toolchain/mcu/arm-gnu-toolchain-13.3.rel1-mingw-w64-i686-arm-none-eabi/bin/../lib/gcc/arm-none-eabi/13.3.1/thumb/v7e-m+fp/hard\libc_nano.a(libc_a-reent.o)
 .debug_frame   0x0000191c       0x20 D:/toolchain/mcu/arm-gnu-toolchain-13.3.rel1-mingw-w64-i686-arm-none-eabi/bin/../lib/gcc/arm-none-eabi/13.3.1/thumb/v7e-m+fp/hard\libc_nano.a(libc_a-errno.o)
 .debug_frame   0x0000193c       0x2c D:/toolchain/mcu/arm-gnu-toolchain-13.3.rel1-mingw-w64-i686-arm-none-eabi/bin/../lib/gcc/arm-none-eabi/13.3.1/thumb/v7e-m+fp/hard\libc_nano.a(libc_a-init.o)
 .debug_frame   0x00001968       0xb0 D:/toolchain/mcu/arm-gnu-toolchain-13.3.rel1-mingw-w64-i686-arm-none-eabi/bin/../lib/gcc/arm-none-eabi/13.3.1/thumb/v7e-m+fp/hard\libc_nano.a(libc_a-lock.o)
 .debug_frame   0x00001a18       0x38 D:/toolchain/mcu/arm-gnu-toolchain-13.3.rel1-mingw-w64-i686-arm-none-eabi/bin/../lib/gcc/arm-none-eabi/13.3.1/thumb/v7e-m+fp/hard\libc_nano.a(libc_a-freer.o)
 .debug_frame   0x00001a50       0x50 D:/toolchain/mcu/arm-gnu-toolchain-13.3.rel1-mingw-w64-i686-arm-none-eabi/bin/../lib/gcc/arm-none-eabi/13.3.1/thumb/v7e-m+fp/hard\libc_nano.a(libc_a-mallocr.o)
 .debug_frame   0x00001aa0       0x30 D:/toolchain/mcu/arm-gnu-toolchain-13.3.rel1-mingw-w64-i686-arm-none-eabi/bin/../lib/gcc/arm-none-eabi/13.3.1/thumb/v7e-m+fp/hard\libc_nano.a(libc_a-mlock.o)
 .debug_frame   0x00001ad0       0x90 D:/toolchain/mcu/arm-gnu-toolchain-13.3.rel1-mingw-w64-i686-arm-none-eabi/bin/../lib/gcc/arm-none-eabi/13.3.1/thumb/v7e-m+fp/hard\libc_nano.a(libc_a-nano-svfprintf.o)
 .debug_frame   0x00001b60       0x60 D:/toolchain/mcu/arm-gnu-toolchain-13.3.rel1-mingw-w64-i686-arm-none-eabi/bin/../lib/gcc/arm-none-eabi/13.3.1/thumb/v7e-m+fp/hard\libc_nano.a(libc_a-nano-vfprintf_i.o)
 .debug_frame   0x00001bc0       0x28 D:/toolchain/mcu/arm-gnu-toolchain-13.3.rel1-mingw-w64-i686-arm-none-eabi/bin/../lib/gcc/arm-none-eabi/13.3.1/thumb/v7e-m+fp/hard\libc_nano.a(libc_a-memmove.o)
 .debug_frame   0x00001be8       0x2c D:/toolchain/mcu/arm-gnu-toolchain-13.3.rel1-mingw-w64-i686-arm-none-eabi/bin/../lib/gcc/arm-none-eabi/13.3.1/thumb/v7e-m+fp/hard\libc_nano.a(libc_a-sbrkr.o)
 .debug_frame   0x00001c14       0x28 D:/toolchain/mcu/arm-gnu-toolchain-13.3.rel1-mingw-w64-i686-arm-none-eabi/bin/../lib/gcc/arm-none-eabi/13.3.1/thumb/v7e-m+fp/hard\libc_nano.a(libc_a-memcpy-stub.o)
 .debug_frame   0x00001c3c       0x3c D:/toolchain/mcu/arm-gnu-toolchain-13.3.rel1-mingw-w64-i686-arm-none-eabi/bin/../lib/gcc/arm-none-eabi/13.3.1/thumb/v7e-m+fp/hard\libc_nano.a(libc_a-reallocr.o)
 .debug_frame   0x00001c78       0x20 D:/toolchain/mcu/arm-gnu-toolchain-13.3.rel1-mingw-w64-i686-arm-none-eabi/bin/../lib/gcc/arm-none-eabi/13.3.1/thumb/v7e-m+fp/hard\libc_nano.a(libc_a-msizer.o)
 .debug_frame   0x00001c98       0x2c D:/toolchain/mcu/arm-gnu-toolchain-13.3.rel1-mingw-w64-i686-arm-none-eabi/bin/../lib/gcc/arm-none-eabi/13.3.1/thumb/v7e-m+fp/hard\libgcc.a(_aeabi_uldivmod.o)
 .debug_frame   0x00001cc4       0x34 D:/toolchain/mcu/arm-gnu-toolchain-13.3.rel1-mingw-w64-i686-arm-none-eabi/bin/../lib/gcc/arm-none-eabi/13.3.1/thumb/v7e-m+fp/hard\libgcc.a(_udivmoddi4.o)

.debug_line_str
                0x00000000      0x1c9
 .debug_line_str
                0x00000000      0x1c9 D:/toolchain/mcu/arm-gnu-toolchain-13.3.rel1-mingw-w64-i686-arm-none-eabi/bin/../lib/gcc/arm-none-eabi/13.3.1/thumb/v7e-m+fp/hard\libc_nano.a(libc_a-strlen.o)
                                 0xeb (size before relaxing)
 .debug_line_str
                0x000001c9       0xe1 D:/toolchain/mcu/arm-gnu-toolchain-13.3.rel1-mingw-w64-i686-arm-none-eabi/bin/../lib/gcc/arm-none-eabi/13.3.1/thumb/v7e-m+fp/hard\libc_nano.a(libc_a-memchr.o)
 .debug_line_str
                0x000001c9       0xc9 D:/toolchain/mcu/arm-gnu-toolchain-13.3.rel1-mingw-w64-i686-arm-none-eabi/bin/../lib/gcc/arm-none-eabi/13.3.1/thumb/v7e-m+fp/hard\libgcc.a(_aeabi_uldivmod.o)
 .debug_line_str
                0x000001c9       0xcd D:/toolchain/mcu/arm-gnu-toolchain-13.3.rel1-mingw-w64-i686-arm-none-eabi/bin/../lib/gcc/arm-none-eabi/13.3.1/thumb/v7e-m+fp/hard\libgcc.a(_dvmd_tls.o)

Cross Reference Table

Symbol                                            File
ADC_IRQHandler                                    build/startup_stm32f407xx.o
AHBPrescTable                                     build/system_stm32f4xx.o
                                                  build/stm32f4xx_hal_rcc.o
APBPrescTable                                     build/system_stm32f4xx.o
                                                  build/stm32f4xx_hal_rcc.o
BusFault_Handler                                  build/stm32f4xx_it.o
CAN1_RX0_IRQHandler                               build/startup_stm32f407xx.o
CAN1_RX1_IRQHandler                               build/startup_stm32f407xx.o
CAN1_SCE_IRQHandler                               build/startup_stm32f407xx.o
CAN1_TX_IRQHandler                                build/startup_stm32f407xx.o
CAN2_RX0_IRQHandler                               build/startup_stm32f407xx.o
CAN2_RX1_IRQHandler                               build/startup_stm32f407xx.o
CAN2_SCE_IRQHandler                               build/startup_stm32f407xx.o
CAN2_TX_IRQHandler                                build/startup_stm32f407xx.o
DCMI_IRQHandler                                   build/startup_stm32f407xx.o
DMA1_Stream0_IRQHandler                           build/startup_stm32f407xx.o
DMA1_Stream1_IRQHandler                           build/startup_stm32f407xx.o
DMA1_Stream2_IRQHandler                           build/startup_stm32f407xx.o
DMA1_Stream3_IRQHandler                           build/startup_stm32f407xx.o
DMA1_Stream4_IRQHandler                           build/startup_stm32f407xx.o
DMA1_Stream5_IRQHandler                           build/startup_stm32f407xx.o
DMA1_Stream6_IRQHandler                           build/startup_stm32f407xx.o
DMA1_Stream7_IRQHandler                           build/startup_stm32f407xx.o
DMA2_Stream0_IRQHandler                           build/startup_stm32f407xx.o
DMA2_Stream1_IRQHandler                           build/startup_stm32f407xx.o
DMA2_Stream2_IRQHandler                           build/startup_stm32f407xx.o
DMA2_Stream3_IRQHandler                           build/startup_stm32f407xx.o
DMA2_Stream4_IRQHandler                           build/startup_stm32f407xx.o
DMA2_Stream5_IRQHandler                           build/startup_stm32f407xx.o
DMA2_Stream6_IRQHandler                           build/startup_stm32f407xx.o
DMA2_Stream7_IRQHandler                           build/startup_stm32f407xx.o
DebugMon_Handler                                  build/stm32f4xx_it.o
Default_Handler                                   build/startup_stm32f407xx.o
ETH_IRQHandler                                    build/startup_stm32f407xx.o
ETH_WKUP_IRQHandler                               build/startup_stm32f407xx.o
EXTI0_IRQHandler                                  build/startup_stm32f407xx.o
EXTI15_10_IRQHandler                              build/startup_stm32f407xx.o
EXTI1_IRQHandler                                  build/startup_stm32f407xx.o
EXTI2_IRQHandler                                  build/startup_stm32f407xx.o
EXTI3_IRQHandler                                  build/startup_stm32f407xx.o
EXTI4_IRQHandler                                  build/startup_stm32f407xx.o
EXTI9_5_IRQHandler                                build/startup_stm32f407xx.o
Error_Handler                                     build/main.o
                                                  build/usart.o
                                                  build/spi.o
FLASH_Erase_Sector                                build/stm32f4xx_hal_flash_ex.o
                                                  build/stm32f4xx_hal_flash.o
FLASH_FlushCaches                                 build/stm32f4xx_hal_flash_ex.o
                                                  build/stm32f4xx_hal_flash.o
FLASH_IRQHandler                                  build/startup_stm32f407xx.o
FLASH_WaitForLastOperation                        build/stm32f4xx_hal_flash.o
                                                  build/stm32f4xx_hal_flash_ex.o
FPU_IRQHandler                                    build/startup_stm32f407xx.o
FSMC_IRQHandler                                   build/startup_stm32f407xx.o
HAL_CORTEX_ClearEvent                             build/stm32f4xx_hal_cortex.o
HAL_DBGMCU_DisableDBGSleepMode                    build/stm32f4xx_hal.o
HAL_DBGMCU_DisableDBGStandbyMode                  build/stm32f4xx_hal.o
HAL_DBGMCU_DisableDBGStopMode                     build/stm32f4xx_hal.o
HAL_DBGMCU_EnableDBGSleepMode                     build/stm32f4xx_hal.o
HAL_DBGMCU_EnableDBGStandbyMode                   build/stm32f4xx_hal.o
HAL_DBGMCU_EnableDBGStopMode                      build/stm32f4xx_hal.o
HAL_DMAEx_ChangeMemory                            build/stm32f4xx_hal_dma_ex.o
HAL_DMAEx_MultiBufferStart                        build/stm32f4xx_hal_dma_ex.o
HAL_DMAEx_MultiBufferStart_IT                     build/stm32f4xx_hal_dma_ex.o
HAL_DMA_Abort                                     build/stm32f4xx_hal_dma.o
                                                  build/stm32f4xx_hal_uart.o
                                                  build/stm32f4xx_hal_spi.o
HAL_DMA_Abort_IT                                  build/stm32f4xx_hal_dma.o
                                                  build/stm32f4xx_hal_uart.o
                                                  build/stm32f4xx_hal_spi.o
HAL_DMA_DeInit                                    build/stm32f4xx_hal_dma.o
HAL_DMA_GetError                                  build/stm32f4xx_hal_dma.o
                                                  build/stm32f4xx_hal_uart.o
HAL_DMA_GetState                                  build/stm32f4xx_hal_dma.o
HAL_DMA_IRQHandler                                build/stm32f4xx_hal_dma.o
HAL_DMA_Init                                      build/stm32f4xx_hal_dma.o
HAL_DMA_PollForTransfer                           build/stm32f4xx_hal_dma.o
HAL_DMA_RegisterCallback                          build/stm32f4xx_hal_dma.o
HAL_DMA_Start                                     build/stm32f4xx_hal_dma.o
HAL_DMA_Start_IT                                  build/stm32f4xx_hal_dma.o
                                                  build/stm32f4xx_hal_uart.o
                                                  build/stm32f4xx_hal_spi.o
HAL_DMA_UnRegisterCallback                        build/stm32f4xx_hal_dma.o
HAL_DeInit                                        build/stm32f4xx_hal.o
HAL_Delay                                         build/stm32f4xx_hal.o
                                                  build/main.o
HAL_DisableCompensationCell                       build/stm32f4xx_hal.o
HAL_EXTI_ClearConfigLine                          build/stm32f4xx_hal_exti.o
HAL_EXTI_ClearPending                             build/stm32f4xx_hal_exti.o
HAL_EXTI_GenerateSWI                              build/stm32f4xx_hal_exti.o
HAL_EXTI_GetConfigLine                            build/stm32f4xx_hal_exti.o
HAL_EXTI_GetHandle                                build/stm32f4xx_hal_exti.o
HAL_EXTI_GetPending                               build/stm32f4xx_hal_exti.o
HAL_EXTI_IRQHandler                               build/stm32f4xx_hal_exti.o
HAL_EXTI_RegisterCallback                         build/stm32f4xx_hal_exti.o
HAL_EXTI_SetConfigLine                            build/stm32f4xx_hal_exti.o
HAL_EnableCompensationCell                        build/stm32f4xx_hal.o
HAL_FLASHEx_Erase                                 build/stm32f4xx_hal_flash_ex.o
HAL_FLASHEx_Erase_IT                              build/stm32f4xx_hal_flash_ex.o
HAL_FLASHEx_OBGetConfig                           build/stm32f4xx_hal_flash_ex.o
HAL_FLASHEx_OBProgram                             build/stm32f4xx_hal_flash_ex.o
HAL_FLASH_EndOfOperationCallback                  build/stm32f4xx_hal_flash.o
HAL_FLASH_GetError                                build/stm32f4xx_hal_flash.o
HAL_FLASH_IRQHandler                              build/stm32f4xx_hal_flash.o
HAL_FLASH_Lock                                    build/stm32f4xx_hal_flash.o
HAL_FLASH_OB_Launch                               build/stm32f4xx_hal_flash.o
HAL_FLASH_OB_Lock                                 build/stm32f4xx_hal_flash.o
HAL_FLASH_OB_Unlock                               build/stm32f4xx_hal_flash.o
HAL_FLASH_OperationErrorCallback                  build/stm32f4xx_hal_flash.o
HAL_FLASH_Program                                 build/stm32f4xx_hal_flash.o
HAL_FLASH_Program_IT                              build/stm32f4xx_hal_flash.o
HAL_FLASH_Unlock                                  build/stm32f4xx_hal_flash.o
HAL_GPIO_DeInit                                   build/stm32f4xx_hal_gpio.o
                                                  build/usart.o
                                                  build/spi.o
HAL_GPIO_EXTI_Callback                            build/stm32f4xx_hal_gpio.o
HAL_GPIO_EXTI_IRQHandler                          build/stm32f4xx_hal_gpio.o
HAL_GPIO_Init                                     build/stm32f4xx_hal_gpio.o
                                                  build/stm32f4xx_hal_rcc.o
                                                  build/usart.o
                                                  build/spi.o
                                                  build/gpio.o
HAL_GPIO_LockPin                                  build/stm32f4xx_hal_gpio.o
HAL_GPIO_ReadPin                                  build/stm32f4xx_hal_gpio.o
                                                  build/ch390.o
HAL_GPIO_TogglePin                                build/stm32f4xx_hal_gpio.o
HAL_GPIO_WritePin                                 build/stm32f4xx_hal_gpio.o
                                                  build/gpio.o
                                                  build/ch390.o
HAL_GetDEVID                                      build/stm32f4xx_hal.o
HAL_GetHalVersion                                 build/stm32f4xx_hal.o
HAL_GetREVID                                      build/stm32f4xx_hal.o
HAL_GetTick                                       build/stm32f4xx_hal.o
                                                  build/stm32f4xx_hal_uart.o
                                                  build/stm32f4xx_hal_pwr_ex.o
                                                  build/stm32f4xx_hal_dma.o
                                                  build/stm32f4xx_hal_flash.o
                                                  build/stm32f4xx_hal_rcc_ex.o
                                                  build/stm32f4xx_hal_rcc.o
                                                  build/stm32f4xx_hal_spi.o
HAL_GetTickFreq                                   build/stm32f4xx_hal.o
HAL_GetTickPrio                                   build/stm32f4xx_hal.o
HAL_GetUIDw0                                      build/stm32f4xx_hal.o
HAL_GetUIDw1                                      build/stm32f4xx_hal.o
HAL_GetUIDw2                                      build/stm32f4xx_hal.o
HAL_HalfDuplex_EnableReceiver                     build/stm32f4xx_hal_uart.o
HAL_HalfDuplex_EnableTransmitter                  build/stm32f4xx_hal_uart.o
HAL_HalfDuplex_Init                               build/stm32f4xx_hal_uart.o
HAL_IncTick                                       build/stm32f4xx_hal.o
                                                  build/stm32f4xx_it.o
HAL_Init                                          build/stm32f4xx_hal.o
                                                  build/main.o
HAL_InitTick                                      build/stm32f4xx_hal.o
                                                  build/stm32f4xx_hal_rcc_ex.o
                                                  build/stm32f4xx_hal_rcc.o
HAL_LIN_Init                                      build/stm32f4xx_hal_uart.o
HAL_LIN_SendBreak                                 build/stm32f4xx_hal_uart.o
HAL_MPU_ConfigRegion                              build/stm32f4xx_hal_cortex.o
HAL_MPU_Disable                                   build/stm32f4xx_hal_cortex.o
HAL_MPU_DisableRegion                             build/stm32f4xx_hal_cortex.o
HAL_MPU_Enable                                    build/stm32f4xx_hal_cortex.o
HAL_MPU_EnableRegion                              build/stm32f4xx_hal_cortex.o
HAL_MspDeInit                                     build/stm32f4xx_hal.o
HAL_MspInit                                       build/stm32f4xx_hal_msp.o
HAL_MultiProcessor_EnterMuteMode                  build/stm32f4xx_hal_uart.o
HAL_MultiProcessor_ExitMuteMode                   build/stm32f4xx_hal_uart.o
HAL_MultiProcessor_Init                           build/stm32f4xx_hal_uart.o
HAL_NVIC_ClearPendingIRQ                          build/stm32f4xx_hal_cortex.o
HAL_NVIC_DisableIRQ                               build/stm32f4xx_hal_cortex.o
HAL_NVIC_EnableIRQ                                build/stm32f4xx_hal_cortex.o
HAL_NVIC_GetActive                                build/stm32f4xx_hal_cortex.o
HAL_NVIC_GetPendingIRQ                            build/stm32f4xx_hal_cortex.o
HAL_NVIC_GetPriority                              build/stm32f4xx_hal_cortex.o
HAL_NVIC_GetPriorityGrouping                      build/stm32f4xx_hal_cortex.o
HAL_NVIC_SetPendingIRQ                            build/stm32f4xx_hal_cortex.o
HAL_NVIC_SetPriority                              build/stm32f4xx_hal_cortex.o
                                                  build/stm32f4xx_hal.o
HAL_NVIC_SetPriorityGrouping                      build/stm32f4xx_hal_cortex.o
                                                  build/stm32f4xx_hal.o
HAL_NVIC_SystemReset                              build/stm32f4xx_hal_cortex.o
HAL_PWREx_ControlVoltageScaling                   build/stm32f4xx_hal_pwr_ex.o
HAL_PWREx_DisableBkUpReg                          build/stm32f4xx_hal_pwr_ex.o
HAL_PWREx_DisableFlashPowerDown                   build/stm32f4xx_hal_pwr_ex.o
HAL_PWREx_EnableBkUpReg                           build/stm32f4xx_hal_pwr_ex.o
HAL_PWREx_EnableFlashPowerDown                    build/stm32f4xx_hal_pwr_ex.o
HAL_PWREx_GetVoltageRange                         build/stm32f4xx_hal_pwr_ex.o
HAL_PWR_ConfigPVD                                 build/stm32f4xx_hal_pwr.o
HAL_PWR_DeInit                                    build/stm32f4xx_hal_pwr.o
HAL_PWR_DisableBkUpAccess                         build/stm32f4xx_hal_pwr.o
HAL_PWR_DisablePVD                                build/stm32f4xx_hal_pwr.o
HAL_PWR_DisableSEVOnPend                          build/stm32f4xx_hal_pwr.o
HAL_PWR_DisableSleepOnExit                        build/stm32f4xx_hal_pwr.o
HAL_PWR_DisableWakeUpPin                          build/stm32f4xx_hal_pwr.o
HAL_PWR_EnableBkUpAccess                          build/stm32f4xx_hal_pwr.o
HAL_PWR_EnablePVD                                 build/stm32f4xx_hal_pwr.o
HAL_PWR_EnableSEVOnPend                           build/stm32f4xx_hal_pwr.o
HAL_PWR_EnableSleepOnExit                         build/stm32f4xx_hal_pwr.o
HAL_PWR_EnableWakeUpPin                           build/stm32f4xx_hal_pwr.o
HAL_PWR_EnterSLEEPMode                            build/stm32f4xx_hal_pwr.o
HAL_PWR_EnterSTANDBYMode                          build/stm32f4xx_hal_pwr.o
HAL_PWR_EnterSTOPMode                             build/stm32f4xx_hal_pwr.o
HAL_PWR_PVDCallback                               build/stm32f4xx_hal_pwr.o
HAL_PWR_PVD_IRQHandler                            build/stm32f4xx_hal_pwr.o
HAL_RCCEx_DisablePLLI2S                           build/stm32f4xx_hal_rcc_ex.o
HAL_RCCEx_EnablePLLI2S                            build/stm32f4xx_hal_rcc_ex.o
HAL_RCCEx_GetPeriphCLKConfig                      build/stm32f4xx_hal_rcc_ex.o
HAL_RCCEx_GetPeriphCLKFreq                        build/stm32f4xx_hal_rcc_ex.o
HAL_RCCEx_PeriphCLKConfig                         build/stm32f4xx_hal_rcc_ex.o
HAL_RCC_CSSCallback                               build/stm32f4xx_hal_rcc.o
HAL_RCC_ClockConfig                               build/stm32f4xx_hal_rcc.o
                                                  build/main.o
HAL_RCC_DeInit                                    build/stm32f4xx_hal_rcc_ex.o
                                                  build/stm32f4xx_hal_rcc.o
HAL_RCC_DisableCSS                                build/stm32f4xx_hal_rcc.o
HAL_RCC_EnableCSS                                 build/stm32f4xx_hal_rcc.o
HAL_RCC_GetClockConfig                            build/stm32f4xx_hal_rcc.o
HAL_RCC_GetHCLKFreq                               build/stm32f4xx_hal_rcc.o
HAL_RCC_GetOscConfig                              build/stm32f4xx_hal_rcc.o
HAL_RCC_GetPCLK1Freq                              build/stm32f4xx_hal_rcc.o
                                                  build/stm32f4xx_hal_uart.o
HAL_RCC_GetPCLK2Freq                              build/stm32f4xx_hal_rcc.o
                                                  build/stm32f4xx_hal_uart.o
HAL_RCC_GetSysClockFreq                           build/stm32f4xx_hal_rcc.o
HAL_RCC_MCOConfig                                 build/stm32f4xx_hal_rcc.o
HAL_RCC_NMI_IRQHandler                            build/stm32f4xx_hal_rcc.o
HAL_RCC_OscConfig                                 build/stm32f4xx_hal_rcc.o
                                                  build/main.o
HAL_ResumeTick                                    build/stm32f4xx_hal.o
HAL_SPI_Abort                                     build/stm32f4xx_hal_spi.o
HAL_SPI_AbortCpltCallback                         build/stm32f4xx_hal_spi.o
HAL_SPI_Abort_IT                                  build/stm32f4xx_hal_spi.o
HAL_SPI_DMAPause                                  build/stm32f4xx_hal_spi.o
HAL_SPI_DMAResume                                 build/stm32f4xx_hal_spi.o
HAL_SPI_DMAStop                                   build/stm32f4xx_hal_spi.o
HAL_SPI_DeInit                                    build/stm32f4xx_hal_spi.o
HAL_SPI_ErrorCallback                             build/stm32f4xx_hal_spi.o
HAL_SPI_GetError                                  build/stm32f4xx_hal_spi.o
HAL_SPI_GetState                                  build/stm32f4xx_hal_spi.o
HAL_SPI_IRQHandler                                build/stm32f4xx_hal_spi.o
HAL_SPI_Init                                      build/stm32f4xx_hal_spi.o
                                                  build/spi.o
HAL_SPI_MspDeInit                                 build/spi.o
HAL_SPI_MspInit                                   build/spi.o
HAL_SPI_Receive                                   build/stm32f4xx_hal_spi.o
HAL_SPI_Receive_DMA                               build/stm32f4xx_hal_spi.o
HAL_SPI_Receive_IT                                build/stm32f4xx_hal_spi.o
HAL_SPI_RxCpltCallback                            build/stm32f4xx_hal_spi.o
HAL_SPI_RxHalfCpltCallback                        build/stm32f4xx_hal_spi.o
HAL_SPI_Transmit                                  build/stm32f4xx_hal_spi.o
                                                  build/ch390.o
HAL_SPI_TransmitReceive                           build/stm32f4xx_hal_spi.o
                                                  build/ch390.o
HAL_SPI_TransmitReceive_DMA                       build/stm32f4xx_hal_spi.o
HAL_SPI_TransmitReceive_IT                        build/stm32f4xx_hal_spi.o
HAL_SPI_Transmit_DMA                              build/stm32f4xx_hal_spi.o
HAL_SPI_Transmit_IT                               build/stm32f4xx_hal_spi.o
HAL_SPI_TxCpltCallback                            build/stm32f4xx_hal_spi.o
HAL_SPI_TxHalfCpltCallback                        build/stm32f4xx_hal_spi.o
HAL_SPI_TxRxCpltCallback                          build/stm32f4xx_hal_spi.o
HAL_SPI_TxRxHalfCpltCallback                      build/stm32f4xx_hal_spi.o
HAL_SYSTICK_CLKSourceConfig                       build/stm32f4xx_hal_cortex.o
HAL_SYSTICK_Callback                              build/stm32f4xx_hal_cortex.o
HAL_SYSTICK_Config                                build/stm32f4xx_hal_cortex.o
                                                  build/stm32f4xx_hal.o
HAL_SYSTICK_IRQHandler                            build/stm32f4xx_hal_cortex.o
HAL_SetTickFreq                                   build/stm32f4xx_hal.o
HAL_SuspendTick                                   build/stm32f4xx_hal.o
HAL_UARTEx_GetRxEventType                         build/stm32f4xx_hal_uart.o
HAL_UARTEx_ReceiveToIdle                          build/stm32f4xx_hal_uart.o
HAL_UARTEx_ReceiveToIdle_DMA                      build/stm32f4xx_hal_uart.o
HAL_UARTEx_ReceiveToIdle_IT                       build/stm32f4xx_hal_uart.o
HAL_UARTEx_RxEventCallback                        build/stm32f4xx_hal_uart.o
HAL_UART_Abort                                    build/stm32f4xx_hal_uart.o
HAL_UART_AbortCpltCallback                        build/stm32f4xx_hal_uart.o
HAL_UART_AbortReceive                             build/stm32f4xx_hal_uart.o
HAL_UART_AbortReceiveCpltCallback                 build/stm32f4xx_hal_uart.o
HAL_UART_AbortReceive_IT                          build/stm32f4xx_hal_uart.o
HAL_UART_AbortTransmit                            build/stm32f4xx_hal_uart.o
HAL_UART_AbortTransmitCpltCallback                build/stm32f4xx_hal_uart.o
HAL_UART_AbortTransmit_IT                         build/stm32f4xx_hal_uart.o
HAL_UART_Abort_IT                                 build/stm32f4xx_hal_uart.o
HAL_UART_DMAPause                                 build/stm32f4xx_hal_uart.o
HAL_UART_DMAResume                                build/stm32f4xx_hal_uart.o
HAL_UART_DMAStop                                  build/stm32f4xx_hal_uart.o
HAL_UART_DeInit                                   build/stm32f4xx_hal_uart.o
HAL_UART_ErrorCallback                            build/stm32f4xx_hal_uart.o
HAL_UART_GetError                                 build/stm32f4xx_hal_uart.o
HAL_UART_GetState                                 build/stm32f4xx_hal_uart.o
HAL_UART_IRQHandler                               build/stm32f4xx_hal_uart.o
HAL_UART_Init                                     build/stm32f4xx_hal_uart.o
                                                  build/usart.o
HAL_UART_MspDeInit                                build/usart.o
HAL_UART_MspInit                                  build/usart.o
HAL_UART_Receive                                  build/stm32f4xx_hal_uart.o
HAL_UART_Receive_DMA                              build/stm32f4xx_hal_uart.o
HAL_UART_Receive_IT                               build/stm32f4xx_hal_uart.o
HAL_UART_RxCpltCallback                           build/stm32f4xx_hal_uart.o
HAL_UART_RxHalfCpltCallback                       build/stm32f4xx_hal_uart.o
HAL_UART_Transmit                                 build/stm32f4xx_hal_uart.o
                                                  build/main.o
HAL_UART_Transmit_DMA                             build/stm32f4xx_hal_uart.o
HAL_UART_Transmit_IT                              build/stm32f4xx_hal_uart.o
HAL_UART_TxCpltCallback                           build/stm32f4xx_hal_uart.o
HAL_UART_TxHalfCpltCallback                       build/stm32f4xx_hal_uart.o
HASH_RNG_IRQHandler                               build/startup_stm32f407xx.o
HardFault_Handler                                 build/stm32f4xx_it.o
I2C1_ER_IRQHandler                                build/startup_stm32f407xx.o
I2C1_EV_IRQHandler                                build/startup_stm32f407xx.o
I2C2_ER_IRQHandler                                build/startup_stm32f407xx.o
I2C2_EV_IRQHandler                                build/startup_stm32f407xx.o
I2C3_ER_IRQHandler                                build/startup_stm32f407xx.o
I2C3_EV_IRQHandler                                build/startup_stm32f407xx.o
MX_GPIO_Init                                      build/gpio.o
                                                  build/main.o
MX_SPI2_Init                                      build/spi.o
                                                  build/main.o
MX_USART1_UART_Init                               build/usart.o
                                                  build/main.o
MemManage_Handler                                 build/stm32f4xx_it.o
NMI_Handler                                       build/stm32f4xx_it.o
OTG_FS_IRQHandler                                 build/startup_stm32f407xx.o
OTG_FS_WKUP_IRQHandler                            build/startup_stm32f407xx.o
OTG_HS_EP1_IN_IRQHandler                          build/startup_stm32f407xx.o
OTG_HS_EP1_OUT_IRQHandler                         build/startup_stm32f407xx.o
OTG_HS_IRQHandler                                 build/startup_stm32f407xx.o
OTG_HS_WKUP_IRQHandler                            build/startup_stm32f407xx.o
PVD_IRQHandler                                    build/startup_stm32f407xx.o
PendSV_Handler                                    build/stm32f4xx_it.o
RCC_IRQHandler                                    build/startup_stm32f407xx.o
RTC_Alarm_IRQHandler                              build/startup_stm32f407xx.o
RTC_WKUP_IRQHandler                               build/startup_stm32f407xx.o
Reset_Handler                                     build/startup_stm32f407xx.o
SDIO_IRQHandler                                   build/startup_stm32f407xx.o
SPI1_IRQHandler                                   build/startup_stm32f407xx.o
SPI2_IRQHandler                                   build/startup_stm32f407xx.o
SPI3_IRQHandler                                   build/startup_stm32f407xx.o
SVC_Handler                                       build/stm32f4xx_it.o
SysTick_Handler                                   build/stm32f4xx_it.o
SystemClock_Config                                build/main.o
SystemCoreClock                                   build/system_stm32f4xx.o
                                                  build/stm32f4xx_hal.o
                                                  build/stm32f4xx_hal_dma.o
                                                  build/stm32f4xx_hal_rcc_ex.o
                                                  build/stm32f4xx_hal_rcc.o
                                                  build/stm32f4xx_hal_spi.o
                                                  build/ch390.o
SystemCoreClockUpdate                             build/system_stm32f4xx.o
SystemInit                                        build/system_stm32f4xx.o
                                                  build/startup_stm32f407xx.o
TAMP_STAMP_IRQHandler                             build/startup_stm32f407xx.o
TIM1_BRK_TIM9_IRQHandler                          build/startup_stm32f407xx.o
TIM1_CC_IRQHandler                                build/startup_stm32f407xx.o
TIM1_TRG_COM_TIM11_IRQHandler                     build/startup_stm32f407xx.o
TIM1_UP_TIM10_IRQHandler                          build/startup_stm32f407xx.o
TIM2_IRQHandler                                   build/startup_stm32f407xx.o
TIM3_IRQHandler                                   build/startup_stm32f407xx.o
TIM4_IRQHandler                                   build/startup_stm32f407xx.o
TIM5_IRQHandler                                   build/startup_stm32f407xx.o
TIM6_DAC_IRQHandler                               build/startup_stm32f407xx.o
TIM7_IRQHandler                                   build/startup_stm32f407xx.o
TIM8_BRK_TIM12_IRQHandler                         build/startup_stm32f407xx.o
TIM8_CC_IRQHandler                                build/startup_stm32f407xx.o
TIM8_TRG_COM_TIM14_IRQHandler                     build/startup_stm32f407xx.o
TIM8_UP_TIM13_IRQHandler                          build/startup_stm32f407xx.o
UART4_IRQHandler                                  build/startup_stm32f407xx.o
UART5_IRQHandler                                  build/startup_stm32f407xx.o
UART_Start_Receive_DMA                            build/stm32f4xx_hal_uart.o
UART_Start_Receive_IT                             build/stm32f4xx_hal_uart.o
USART1_IRQHandler                                 build/startup_stm32f407xx.o
USART2_IRQHandler                                 build/startup_stm32f407xx.o
USART3_IRQHandler                                 build/startup_stm32f407xx.o
USART6_IRQHandler                                 build/startup_stm32f407xx.o
UsageFault_Handler                                build/stm32f4xx_it.o
WWDG_IRQHandler                                   build/startup_stm32f407xx.o
_ITM_deregisterTMCloneTable                       D:/toolchain/mcu/arm-gnu-toolchain-13.3.rel1-mingw-w64-i686-arm-none-eabi/bin/../lib/gcc/arm-none-eabi/13.3.1/thumb/v7e-m+fp/hard/crtbegin.o
_ITM_registerTMCloneTable                         D:/toolchain/mcu/arm-gnu-toolchain-13.3.rel1-mingw-w64-i686-arm-none-eabi/bin/../lib/gcc/arm-none-eabi/13.3.1/thumb/v7e-m+fp/hard/crtbegin.o
_Min_Stack_Size                                   build/sysmem.o
__TMC_END__                                       D:/toolchain/mcu/arm-gnu-toolchain-13.3.rel1-mingw-w64-i686-arm-none-eabi/bin/../lib/gcc/arm-none-eabi/13.3.1/thumb/v7e-m+fp/hard/crtend.o
                                                  D:/toolchain/mcu/arm-gnu-toolchain-13.3.rel1-mingw-w64-i686-arm-none-eabi/bin/../lib/gcc/arm-none-eabi/13.3.1/thumb/v7e-m+fp/hard/crtbegin.o
__aeabi_idiv0                                     D:/toolchain/mcu/arm-gnu-toolchain-13.3.rel1-mingw-w64-i686-arm-none-eabi/bin/../lib/gcc/arm-none-eabi/13.3.1/thumb/v7e-m+fp/hard\libgcc.a(_dvmd_tls.o)
__aeabi_ldiv0                                     D:/toolchain/mcu/arm-gnu-toolchain-13.3.rel1-mingw-w64-i686-arm-none-eabi/bin/../lib/gcc/arm-none-eabi/13.3.1/thumb/v7e-m+fp/hard\libgcc.a(_dvmd_tls.o)
                                                  D:/toolchain/mcu/arm-gnu-toolchain-13.3.rel1-mingw-w64-i686-arm-none-eabi/bin/../lib/gcc/arm-none-eabi/13.3.1/thumb/v7e-m+fp/hard\libgcc.a(_aeabi_uldivmod.o)
__aeabi_uldivmod                                  D:/toolchain/mcu/arm-gnu-toolchain-13.3.rel1-mingw-w64-i686-arm-none-eabi/bin/../lib/gcc/arm-none-eabi/13.3.1/thumb/v7e-m+fp/hard\libgcc.a(_aeabi_uldivmod.o)
                                                  build/stm32f4xx_hal_uart.o
                                                  build/stm32f4xx_hal_rcc.o
__bss_end__                                       D:/toolchain/mcu/arm-gnu-toolchain-13.3.rel1-mingw-w64-i686-arm-none-eabi/bin/../lib/gcc/arm-none-eabi/13.3.1/thumb/v7e-m+fp/hard/crt0.o
__bss_start__                                     D:/toolchain/mcu/arm-gnu-toolchain-13.3.rel1-mingw-w64-i686-arm-none-eabi/bin/../lib/gcc/arm-none-eabi/13.3.1/thumb/v7e-m+fp/hard/crt0.o
__call_exitprocs                                  D:/toolchain/mcu/arm-gnu-toolchain-13.3.rel1-mingw-w64-i686-arm-none-eabi/bin/../lib/gcc/arm-none-eabi/13.3.1/thumb/v7e-m+fp/hard\libc_nano.a(libc_a-exit.o)
__deregister_frame_info                           D:/toolchain/mcu/arm-gnu-toolchain-13.3.rel1-mingw-w64-i686-arm-none-eabi/bin/../lib/gcc/arm-none-eabi/13.3.1/thumb/v7e-m+fp/hard/crtbegin.o
__dso_handle                                      D:/toolchain/mcu/arm-gnu-toolchain-13.3.rel1-mingw-w64-i686-arm-none-eabi/bin/../lib/gcc/arm-none-eabi/13.3.1/thumb/v7e-m+fp/hard/crtbegin.o
__env                                             build/syscalls.o
__errno                                           D:/toolchain/mcu/arm-gnu-toolchain-13.3.rel1-mingw-w64-i686-arm-none-eabi/bin/../lib/gcc/arm-none-eabi/13.3.1/thumb/v7e-m+fp/hard\libc_nano.a(libc_a-errno.o)
                                                  build/syscalls.o
                                                  build/sysmem.o
__fp_lock_all                                     D:/toolchain/mcu/arm-gnu-toolchain-13.3.rel1-mingw-w64-i686-arm-none-eabi/bin/../lib/gcc/arm-none-eabi/13.3.1/thumb/v7e-m+fp/hard\libc_nano.a(libc_a-findfp.o)
__fp_unlock_all                                   D:/toolchain/mcu/arm-gnu-toolchain-13.3.rel1-mingw-w64-i686-arm-none-eabi/bin/../lib/gcc/arm-none-eabi/13.3.1/thumb/v7e-m+fp/hard\libc_nano.a(libc_a-findfp.o)
__init_array_end                                  D:/toolchain/mcu/arm-gnu-toolchain-13.3.rel1-mingw-w64-i686-arm-none-eabi/bin/../lib/gcc/arm-none-eabi/13.3.1/thumb/v7e-m+fp/hard\libc_nano.a(libc_a-init.o)
__init_array_start                                D:/toolchain/mcu/arm-gnu-toolchain-13.3.rel1-mingw-w64-i686-arm-none-eabi/bin/../lib/gcc/arm-none-eabi/13.3.1/thumb/v7e-m+fp/hard\libc_nano.a(libc_a-init.o)
__io_getchar                                      build/syscalls.o
__io_putchar                                      build/syscalls.o
__libc_fini_array                                 D:/toolchain/mcu/arm-gnu-toolchain-13.3.rel1-mingw-w64-i686-arm-none-eabi/bin/../lib/gcc/arm-none-eabi/13.3.1/thumb/v7e-m+fp/hard/crt0.o
__libc_init_array                                 D:/toolchain/mcu/arm-gnu-toolchain-13.3.rel1-mingw-w64-i686-arm-none-eabi/bin/../lib/gcc/arm-none-eabi/13.3.1/thumb/v7e-m+fp/hard\libc_nano.a(libc_a-init.o)
                                                  build/startup_stm32f407xx.o
                                                  D:/toolchain/mcu/arm-gnu-toolchain-13.3.rel1-mingw-w64-i686-arm-none-eabi/bin/../lib/gcc/arm-none-eabi/13.3.1/thumb/v7e-m+fp/hard/crt0.o
__lock___arc4random_mutex                         D:/toolchain/mcu/arm-gnu-toolchain-13.3.rel1-mingw-w64-i686-arm-none-eabi/bin/../lib/gcc/arm-none-eabi/13.3.1/thumb/v7e-m+fp/hard\libc_nano.a(libc_a-lock.o)
__lock___at_quick_exit_mutex                      D:/toolchain/mcu/arm-gnu-toolchain-13.3.rel1-mingw-w64-i686-arm-none-eabi/bin/../lib/gcc/arm-none-eabi/13.3.1/thumb/v7e-m+fp/hard\libc_nano.a(libc_a-lock.o)
__lock___atexit_recursive_mutex                   D:/toolchain/mcu/arm-gnu-toolchain-13.3.rel1-mingw-w64-i686-arm-none-eabi/bin/../lib/gcc/arm-none-eabi/13.3.1/thumb/v7e-m+fp/hard\libc_nano.a(libc_a-lock.o)
__lock___dd_hash_mutex                            D:/toolchain/mcu/arm-gnu-toolchain-13.3.rel1-mingw-w64-i686-arm-none-eabi/bin/../lib/gcc/arm-none-eabi/13.3.1/thumb/v7e-m+fp/hard\libc_nano.a(libc_a-lock.o)
__lock___env_recursive_mutex                      D:/toolchain/mcu/arm-gnu-toolchain-13.3.rel1-mingw-w64-i686-arm-none-eabi/bin/../lib/gcc/arm-none-eabi/13.3.1/thumb/v7e-m+fp/hard\libc_nano.a(libc_a-lock.o)
__lock___malloc_recursive_mutex                   D:/toolchain/mcu/arm-gnu-toolchain-13.3.rel1-mingw-w64-i686-arm-none-eabi/bin/../lib/gcc/arm-none-eabi/13.3.1/thumb/v7e-m+fp/hard\libc_nano.a(libc_a-lock.o)
                                                  D:/toolchain/mcu/arm-gnu-toolchain-13.3.rel1-mingw-w64-i686-arm-none-eabi/bin/../lib/gcc/arm-none-eabi/13.3.1/thumb/v7e-m+fp/hard\libc_nano.a(libc_a-mlock.o)
__lock___sfp_recursive_mutex                      D:/toolchain/mcu/arm-gnu-toolchain-13.3.rel1-mingw-w64-i686-arm-none-eabi/bin/../lib/gcc/arm-none-eabi/13.3.1/thumb/v7e-m+fp/hard\libc_nano.a(libc_a-lock.o)
                                                  D:/toolchain/mcu/arm-gnu-toolchain-13.3.rel1-mingw-w64-i686-arm-none-eabi/bin/../lib/gcc/arm-none-eabi/13.3.1/thumb/v7e-m+fp/hard\libc_nano.a(libc_a-findfp.o)
__lock___tz_mutex                                 D:/toolchain/mcu/arm-gnu-toolchain-13.3.rel1-mingw-w64-i686-arm-none-eabi/bin/../lib/gcc/arm-none-eabi/13.3.1/thumb/v7e-m+fp/hard\libc_nano.a(libc_a-lock.o)